#! /c/Source/iverilog-install/bin/vvp
:ivl_version "12.0 (devel)" "(s20150603-1539-g2693dd32b)";
:ivl_delay_selection "TYPICAL";
:vpi_time_precision + 0;
:vpi_module "C:\iverilog\lib\ivl\system.vpi";
:vpi_module "C:\iverilog\lib\ivl\vhdl_sys.vpi";
:vpi_module "C:\iverilog\lib\ivl\vhdl_textio.vpi";
:vpi_module "C:\iverilog\lib\ivl\v2005_math.vpi";
:vpi_module "C:\iverilog\lib\ivl\va_math.vpi";
S_000002cff5b53450 .scope module, "adc" "adc" 2 1;
 .timescale 0 0;
    .port_info 0 /INPUT 1 "clk";
    .port_info 1 /INPUT 1 "rst_n";
    .port_info 2 /INPUT 1 "data_en";
    .port_info 3 /OUTPUT 16 "data_out";
o000002cff5b86fd8 .functor BUFZ 1, C4<z>; HiZ drive
v000002cff5b535e0_0 .net "clk", 0 0, o000002cff5b86fd8;  0 drivers
o000002cff5b87008 .functor BUFZ 1, C4<z>; HiZ drive
v000002cff5b53680_0 .net "data_en", 0 0, o000002cff5b87008;  0 drivers
v000002cff5b53720_0 .var "data_out", 15 0;
v000002cff5c6bdf0_0 .var/i "idx", 31 0;
v000002cff5c6be90 .array "memory", 65535 0, 15 0;
o000002cff5b87098 .functor BUFZ 1, C4<z>; HiZ drive
v000002cff5c6bf30_0 .net "rst_n", 0 0, o000002cff5b87098;  0 drivers
E_000002cff5c6c970/0 .event negedge, v000002cff5c6bf30_0;
E_000002cff5c6c970/1 .event posedge, v000002cff5b535e0_0;
E_000002cff5c6c970 .event/or E_000002cff5c6c970/0, E_000002cff5c6c970/1;
    .scope S_000002cff5b53450;
T_0 ;
    %vpi_call 2 12 "$readmemh", "ecg_input.hex", v000002cff5c6be90 {0 0 0};
    %pushi/vec4 0, 0, 32;
    %store/vec4 v000002cff5c6bdf0_0, 0, 32;
    %pushi/vec4 0, 0, 16;
    %store/vec4 v000002cff5b53720_0, 0, 16;
    %end;
    .thread T_0;
    .scope S_000002cff5b53450;
T_1 ;
    %wait E_000002cff5c6c970;
    %load/vec4 v000002cff5c6bf30_0;
    %nor/r;
    %flag_set/vec4 8;
    %jmp/0xz  T_1.0, 8;
    %pushi/vec4 0, 0, 32;
    %assign/vec4 v000002cff5c6bdf0_0, 0;
    %pushi/vec4 0, 0, 16;
    %assign/vec4 v000002cff5b53720_0, 0;
    %jmp T_1.1;
T_1.0 ;
    %load/vec4 v000002cff5b53680_0;
    %flag_set/vec4 8;
    %jmp/0xz  T_1.2, 8;
    %ix/getv/s 4, v000002cff5c6bdf0_0;
    %load/vec4a v000002cff5c6be90, 4;
    %assign/vec4 v000002cff5b53720_0, 0;
    %load/vec4 v000002cff5c6bdf0_0;
    %cmpi/s 65535, 0, 32;
    %jmp/0xz  T_1.4, 5;
    %load/vec4 v000002cff5c6bdf0_0;
    %addi 1, 0, 32;
    %assign/vec4 v000002cff5c6bdf0_0, 0;
    %jmp T_1.5;
T_1.4 ;
    %pushi/vec4 0, 0, 32;
    %assign/vec4 v000002cff5c6bdf0_0, 0;
T_1.5 ;
T_1.2 ;
T_1.1 ;
    %jmp T_1;
    .thread T_1;
# The file index is used to find the file name in the following table.
:file_names 3;
    "N/A";
    "<interactive>";
    "ADC.v";
