#! /c/Source/iverilog-install/bin/vvp
:ivl_version "12.0 (devel)" "(s20150603-1539-g2693dd32b)";
:ivl_delay_selection "TYPICAL";
:vpi_time_precision + 0;
:vpi_module "C:\iverilog\lib\ivl\system.vpi";
:vpi_module "C:\iverilog\lib\ivl\vhdl_sys.vpi";
:vpi_module "C:\iverilog\lib\ivl\vhdl_textio.vpi";
:vpi_module "C:\iverilog\lib\ivl\v2005_math.vpi";
:vpi_module "C:\iverilog\lib\ivl\va_math.vpi";
S_000001beb78e3450 .scope module, "FIR_filter_hp" "FIR_filter_hp" 2 1;
 .timescale 0 0;
    .port_info 0 /INPUT 1 "clk";
    .port_info 1 /INPUT 1 "rst_n";
    .port_info 2 /INPUT 1 "data_en";
    .port_info 3 /INPUT 16 "data_in";
    .port_info 4 /OUTPUT 16 "data_out";
v000001beb78e39a0_0 .var/s "accumulator", 31 0;
o000001beb7939fc8 .functor BUFZ 1, C4<z>; HiZ drive
v000001beb78e35e0_0 .net "clk", 0 0, o000001beb7939fc8;  0 drivers
o000001beb7939ff8 .functor BUFZ 1, C4<z>; HiZ drive
v000001beb78e3680_0 .net "data_en", 0 0, o000001beb7939ff8;  0 drivers
o000001beb793a028 .functor BUFZ 16, C4<zzzzzzzzzzzzzzzz>; HiZ drive
v000001beb78e3720_0 .net/s "data_in", 15 0, o000001beb793a028;  0 drivers
v000001beb79144d0_0 .var/s "data_out", 15 0;
v000001beb7914570 .array/s "h", 126 0, 15 0;
v000001beb7914610_0 .var/i "k", 31 0;
v000001beb79146b0_0 .var/s "mult_result", 31 0;
o000001beb793a0e8 .functor BUFZ 1, C4<z>; HiZ drive
v000001beb7914750_0 .net "rst_n", 0 0, o000001beb793a0e8;  0 drivers
v000001beb798a070_0 .var/s "scaled_result", 31 0;
v000001beb798a110 .array/s "x_delay", 127 0, 15 0;
E_000001beb7911990/0 .event negedge, v000001beb7914750_0;
E_000001beb7911990/1 .event posedge, v000001beb78e35e0_0;
E_000001beb7911990 .event/or E_000001beb7911990/0, E_000001beb7911990/1;
    .scope S_000001beb78e3450;
T_0 ;
    %pushi/vec4 10, 0, 16;
    %ix/load 4, 0, 0;
    %flag_set/imm 4, 0;
    %store/vec4a v000001beb7914570, 4, 0;
    %pushi/vec4 9, 0, 16;
    %ix/load 4, 1, 0;
    %flag_set/imm 4, 0;
    %store/vec4a v000001beb7914570, 4, 0;
    %pushi/vec4 9, 0, 16;
    %ix/load 4, 2, 0;
    %flag_set/imm 4, 0;
    %store/vec4a v000001beb7914570, 4, 0;
    %pushi/vec4 9, 0, 16;
    %ix/load 4, 3, 0;
    %flag_set/imm 4, 0;
    %store/vec4a v000001beb7914570, 4, 0;
    %pushi/vec4 8, 0, 16;
    %ix/load 4, 4, 0;
    %flag_set/imm 4, 0;
    %store/vec4a v000001beb7914570, 4, 0;
    %pushi/vec4 8, 0, 16;
    %ix/load 4, 5, 0;
    %flag_set/imm 4, 0;
    %store/vec4a v000001beb7914570, 4, 0;
    %pushi/vec4 8, 0, 16;
    %ix/load 4, 6, 0;
    %flag_set/imm 4, 0;
    %store/vec4a v000001beb7914570, 4, 0;
    %pushi/vec4 7, 0, 16;
    %ix/load 4, 7, 0;
    %flag_set/imm 4, 0;
    %store/vec4a v000001beb7914570, 4, 0;
    %pushi/vec4 7, 0, 16;
    %ix/load 4, 8, 0;
    %flag_set/imm 4, 0;
    %store/vec4a v000001beb7914570, 4, 0;
    %pushi/vec4 6, 0, 16;
    %ix/load 4, 9, 0;
    %flag_set/imm 4, 0;
    %store/vec4a v000001beb7914570, 4, 0;
    %pushi/vec4 5, 0, 16;
    %ix/load 4, 10, 0;
    %flag_set/imm 4, 0;
    %store/vec4a v000001beb7914570, 4, 0;
    %pushi/vec4 4, 0, 16;
    %ix/load 4, 11, 0;
    %flag_set/imm 4, 0;
    %store/vec4a v000001beb7914570, 4, 0;
    %pushi/vec4 2, 0, 16;
    %ix/load 4, 12, 0;
    %flag_set/imm 4, 0;
    %store/vec4a v000001beb7914570, 4, 0;
    %pushi/vec4 0, 0, 16;
    %ix/load 4, 13, 0;
    %flag_set/imm 4, 0;
    %store/vec4a v000001beb7914570, 4, 0;
    %pushi/vec4 65533, 0, 16;
    %ix/load 4, 14, 0;
    %flag_set/imm 4, 0;
    %store/vec4a v000001beb7914570, 4, 0;
    %pushi/vec4 65530, 0, 16;
    %ix/load 4, 15, 0;
    %flag_set/imm 4, 0;
    %store/vec4a v000001beb7914570, 4, 0;
    %pushi/vec4 65527, 0, 16;
    %ix/load 4, 16, 0;
    %flag_set/imm 4, 0;
    %store/vec4a v000001beb7914570, 4, 0;
    %pushi/vec4 65523, 0, 16;
    %ix/load 4, 17, 0;
    %flag_set/imm 4, 0;
    %store/vec4a v000001beb7914570, 4, 0;
    %pushi/vec4 65518, 0, 16;
    %ix/load 4, 18, 0;
    %flag_set/imm 4, 0;
    %store/vec4a v000001beb7914570, 4, 0;
    %pushi/vec4 65512, 0, 16;
    %ix/load 4, 19, 0;
    %flag_set/imm 4, 0;
    %store/vec4a v000001beb7914570, 4, 0;
    %pushi/vec4 65506, 0, 16;
    %ix/load 4, 20, 0;
    %flag_set/imm 4, 0;
    %store/vec4a v000001beb7914570, 4, 0;
    %pushi/vec4 65499, 0, 16;
    %ix/load 4, 21, 0;
    %flag_set/imm 4, 0;
    %store/vec4a v000001beb7914570, 4, 0;
    %pushi/vec4 65491, 0, 16;
    %ix/load 4, 22, 0;
    %flag_set/imm 4, 0;
    %store/vec4a v000001beb7914570, 4, 0;
    %pushi/vec4 65482, 0, 16;
    %ix/load 4, 23, 0;
    %flag_set/imm 4, 0;
    %store/vec4a v000001beb7914570, 4, 0;
    %pushi/vec4 65473, 0, 16;
    %ix/load 4, 24, 0;
    %flag_set/imm 4, 0;
    %store/vec4a v000001beb7914570, 4, 0;
    %pushi/vec4 65462, 0, 16;
    %ix/load 4, 25, 0;
    %flag_set/imm 4, 0;
    %store/vec4a v000001beb7914570, 4, 0;
    %pushi/vec4 65451, 0, 16;
    %ix/load 4, 26, 0;
    %flag_set/imm 4, 0;
    %store/vec4a v000001beb7914570, 4, 0;
    %pushi/vec4 65438, 0, 16;
    %ix/load 4, 27, 0;
    %flag_set/imm 4, 0;
    %store/vec4a v000001beb7914570, 4, 0;
    %pushi/vec4 65425, 0, 16;
    %ix/load 4, 28, 0;
    %flag_set/imm 4, 0;
    %store/vec4a v000001beb7914570, 4, 0;
    %pushi/vec4 65411, 0, 16;
    %ix/load 4, 29, 0;
    %flag_set/imm 4, 0;
    %store/vec4a v000001beb7914570, 4, 0;
    %pushi/vec4 65396, 0, 16;
    %ix/load 4, 30, 0;
    %flag_set/imm 4, 0;
    %store/vec4a v000001beb7914570, 4, 0;
    %pushi/vec4 65380, 0, 16;
    %ix/load 4, 31, 0;
    %flag_set/imm 4, 0;
    %store/vec4a v000001beb7914570, 4, 0;
    %pushi/vec4 65363, 0, 16;
    %ix/load 4, 32, 0;
    %flag_set/imm 4, 0;
    %store/vec4a v000001beb7914570, 4, 0;
    %pushi/vec4 65346, 0, 16;
    %ix/load 4, 33, 0;
    %flag_set/imm 4, 0;
    %store/vec4a v000001beb7914570, 4, 0;
    %pushi/vec4 65328, 0, 16;
    %ix/load 4, 34, 0;
    %flag_set/imm 4, 0;
    %store/vec4a v000001beb7914570, 4, 0;
    %pushi/vec4 65309, 0, 16;
    %ix/load 4, 35, 0;
    %flag_set/imm 4, 0;
    %store/vec4a v000001beb7914570, 4, 0;
    %pushi/vec4 65290, 0, 16;
    %ix/load 4, 36, 0;
    %flag_set/imm 4, 0;
    %store/vec4a v000001beb7914570, 4, 0;
    %pushi/vec4 65270, 0, 16;
    %ix/load 4, 37, 0;
    %flag_set/imm 4, 0;
    %store/vec4a v000001beb7914570, 4, 0;
    %pushi/vec4 65249, 0, 16;
    %ix/load 4, 38, 0;
    %flag_set/imm 4, 0;
    %store/vec4a v000001beb7914570, 4, 0;
    %pushi/vec4 65229, 0, 16;
    %ix/load 4, 39, 0;
    %flag_set/imm 4, 0;
    %store/vec4a v000001beb7914570, 4, 0;
    %pushi/vec4 65208, 0, 16;
    %ix/load 4, 40, 0;
    %flag_set/imm 4, 0;
    %store/vec4a v000001beb7914570, 4, 0;
    %pushi/vec4 65187, 0, 16;
    %ix/load 4, 41, 0;
    %flag_set/imm 4, 0;
    %store/vec4a v000001beb7914570, 4, 0;
    %pushi/vec4 65165, 0, 16;
    %ix/load 4, 42, 0;
    %flag_set/imm 4, 0;
    %store/vec4a v000001beb7914570, 4, 0;
    %pushi/vec4 65144, 0, 16;
    %ix/load 4, 43, 0;
    %flag_set/imm 4, 0;
    %store/vec4a v000001beb7914570, 4, 0;
    %pushi/vec4 65123, 0, 16;
    %ix/load 4, 44, 0;
    %flag_set/imm 4, 0;
    %store/vec4a v000001beb7914570, 4, 0;
    %pushi/vec4 65102, 0, 16;
    %ix/load 4, 45, 0;
    %flag_set/imm 4, 0;
    %store/vec4a v000001beb7914570, 4, 0;
    %pushi/vec4 65082, 0, 16;
    %ix/load 4, 46, 0;
    %flag_set/imm 4, 0;
    %store/vec4a v000001beb7914570, 4, 0;
    %pushi/vec4 65062, 0, 16;
    %ix/load 4, 47, 0;
    %flag_set/imm 4, 0;
    %store/vec4a v000001beb7914570, 4, 0;
    %pushi/vec4 65042, 0, 16;
    %ix/load 4, 48, 0;
    %flag_set/imm 4, 0;
    %store/vec4a v000001beb7914570, 4, 0;
    %pushi/vec4 65024, 0, 16;
    %ix/load 4, 49, 0;
    %flag_set/imm 4, 0;
    %store/vec4a v000001beb7914570, 4, 0;
    %pushi/vec4 65006, 0, 16;
    %ix/load 4, 50, 0;
    %flag_set/imm 4, 0;
    %store/vec4a v000001beb7914570, 4, 0;
    %pushi/vec4 64988, 0, 16;
    %ix/load 4, 51, 0;
    %flag_set/imm 4, 0;
    %store/vec4a v000001beb7914570, 4, 0;
    %pushi/vec4 64972, 0, 16;
    %ix/load 4, 52, 0;
    %flag_set/imm 4, 0;
    %store/vec4a v000001beb7914570, 4, 0;
    %pushi/vec4 64957, 0, 16;
    %ix/load 4, 53, 0;
    %flag_set/imm 4, 0;
    %store/vec4a v000001beb7914570, 4, 0;
    %pushi/vec4 64943, 0, 16;
    %ix/load 4, 54, 0;
    %flag_set/imm 4, 0;
    %store/vec4a v000001beb7914570, 4, 0;
    %pushi/vec4 64930, 0, 16;
    %ix/load 4, 55, 0;
    %flag_set/imm 4, 0;
    %store/vec4a v000001beb7914570, 4, 0;
    %pushi/vec4 64919, 0, 16;
    %ix/load 4, 56, 0;
    %flag_set/imm 4, 0;
    %store/vec4a v000001beb7914570, 4, 0;
    %pushi/vec4 64909, 0, 16;
    %ix/load 4, 57, 0;
    %flag_set/imm 4, 0;
    %store/vec4a v000001beb7914570, 4, 0;
    %pushi/vec4 64900, 0, 16;
    %ix/load 4, 58, 0;
    %flag_set/imm 4, 0;
    %store/vec4a v000001beb7914570, 4, 0;
    %pushi/vec4 64893, 0, 16;
    %ix/load 4, 59, 0;
    %flag_set/imm 4, 0;
    %store/vec4a v000001beb7914570, 4, 0;
    %pushi/vec4 64888, 0, 16;
    %ix/load 4, 60, 0;
    %flag_set/imm 4, 0;
    %store/vec4a v000001beb7914570, 4, 0;
    %pushi/vec4 64884, 0, 16;
    %ix/load 4, 61, 0;
    %flag_set/imm 4, 0;
    %store/vec4a v000001beb7914570, 4, 0;
    %pushi/vec4 64881, 0, 16;
    %ix/load 4, 62, 0;
    %flag_set/imm 4, 0;
    %store/vec4a v000001beb7914570, 4, 0;
    %pushi/vec4 32122, 0, 16;
    %ix/load 4, 63, 0;
    %flag_set/imm 4, 0;
    %store/vec4a v000001beb7914570, 4, 0;
    %pushi/vec4 64881, 0, 16;
    %ix/load 4, 64, 0;
    %flag_set/imm 4, 0;
    %store/vec4a v000001beb7914570, 4, 0;
    %pushi/vec4 64884, 0, 16;
    %ix/load 4, 65, 0;
    %flag_set/imm 4, 0;
    %store/vec4a v000001beb7914570, 4, 0;
    %pushi/vec4 64888, 0, 16;
    %ix/load 4, 66, 0;
    %flag_set/imm 4, 0;
    %store/vec4a v000001beb7914570, 4, 0;
    %pushi/vec4 64893, 0, 16;
    %ix/load 4, 67, 0;
    %flag_set/imm 4, 0;
    %store/vec4a v000001beb7914570, 4, 0;
    %pushi/vec4 64900, 0, 16;
    %ix/load 4, 68, 0;
    %flag_set/imm 4, 0;
    %store/vec4a v000001beb7914570, 4, 0;
    %pushi/vec4 64909, 0, 16;
    %ix/load 4, 69, 0;
    %flag_set/imm 4, 0;
    %store/vec4a v000001beb7914570, 4, 0;
    %pushi/vec4 64919, 0, 16;
    %ix/load 4, 70, 0;
    %flag_set/imm 4, 0;
    %store/vec4a v000001beb7914570, 4, 0;
    %pushi/vec4 64930, 0, 16;
    %ix/load 4, 71, 0;
    %flag_set/imm 4, 0;
    %store/vec4a v000001beb7914570, 4, 0;
    %pushi/vec4 64943, 0, 16;
    %ix/load 4, 72, 0;
    %flag_set/imm 4, 0;
    %store/vec4a v000001beb7914570, 4, 0;
    %pushi/vec4 64957, 0, 16;
    %ix/load 4, 73, 0;
    %flag_set/imm 4, 0;
    %store/vec4a v000001beb7914570, 4, 0;
    %pushi/vec4 64972, 0, 16;
    %ix/load 4, 74, 0;
    %flag_set/imm 4, 0;
    %store/vec4a v000001beb7914570, 4, 0;
    %pushi/vec4 64988, 0, 16;
    %ix/load 4, 75, 0;
    %flag_set/imm 4, 0;
    %store/vec4a v000001beb7914570, 4, 0;
    %pushi/vec4 65006, 0, 16;
    %ix/load 4, 76, 0;
    %flag_set/imm 4, 0;
    %store/vec4a v000001beb7914570, 4, 0;
    %pushi/vec4 65024, 0, 16;
    %ix/load 4, 77, 0;
    %flag_set/imm 4, 0;
    %store/vec4a v000001beb7914570, 4, 0;
    %pushi/vec4 65042, 0, 16;
    %ix/load 4, 78, 0;
    %flag_set/imm 4, 0;
    %store/vec4a v000001beb7914570, 4, 0;
    %pushi/vec4 65062, 0, 16;
    %ix/load 4, 79, 0;
    %flag_set/imm 4, 0;
    %store/vec4a v000001beb7914570, 4, 0;
    %pushi/vec4 65082, 0, 16;
    %ix/load 4, 80, 0;
    %flag_set/imm 4, 0;
    %store/vec4a v000001beb7914570, 4, 0;
    %pushi/vec4 65102, 0, 16;
    %ix/load 4, 81, 0;
    %flag_set/imm 4, 0;
    %store/vec4a v000001beb7914570, 4, 0;
    %pushi/vec4 65123, 0, 16;
    %ix/load 4, 82, 0;
    %flag_set/imm 4, 0;
    %store/vec4a v000001beb7914570, 4, 0;
    %pushi/vec4 65144, 0, 16;
    %ix/load 4, 83, 0;
    %flag_set/imm 4, 0;
    %store/vec4a v000001beb7914570, 4, 0;
    %pushi/vec4 65165, 0, 16;
    %ix/load 4, 84, 0;
    %flag_set/imm 4, 0;
    %store/vec4a v000001beb7914570, 4, 0;
    %pushi/vec4 65187, 0, 16;
    %ix/load 4, 85, 0;
    %flag_set/imm 4, 0;
    %store/vec4a v000001beb7914570, 4, 0;
    %pushi/vec4 65208, 0, 16;
    %ix/load 4, 86, 0;
    %flag_set/imm 4, 0;
    %store/vec4a v000001beb7914570, 4, 0;
    %pushi/vec4 65229, 0, 16;
    %ix/load 4, 87, 0;
    %flag_set/imm 4, 0;
    %store/vec4a v000001beb7914570, 4, 0;
    %pushi/vec4 65249, 0, 16;
    %ix/load 4, 88, 0;
    %flag_set/imm 4, 0;
    %store/vec4a v000001beb7914570, 4, 0;
    %pushi/vec4 65270, 0, 16;
    %ix/load 4, 89, 0;
    %flag_set/imm 4, 0;
    %store/vec4a v000001beb7914570, 4, 0;
    %pushi/vec4 65290, 0, 16;
    %ix/load 4, 90, 0;
    %flag_set/imm 4, 0;
    %store/vec4a v000001beb7914570, 4, 0;
    %pushi/vec4 65309, 0, 16;
    %ix/load 4, 91, 0;
    %flag_set/imm 4, 0;
    %store/vec4a v000001beb7914570, 4, 0;
    %pushi/vec4 65328, 0, 16;
    %ix/load 4, 92, 0;
    %flag_set/imm 4, 0;
    %store/vec4a v000001beb7914570, 4, 0;
    %pushi/vec4 65346, 0, 16;
    %ix/load 4, 93, 0;
    %flag_set/imm 4, 0;
    %store/vec4a v000001beb7914570, 4, 0;
    %pushi/vec4 65363, 0, 16;
    %ix/load 4, 94, 0;
    %flag_set/imm 4, 0;
    %store/vec4a v000001beb7914570, 4, 0;
    %pushi/vec4 65380, 0, 16;
    %ix/load 4, 95, 0;
    %flag_set/imm 4, 0;
    %store/vec4a v000001beb7914570, 4, 0;
    %pushi/vec4 65396, 0, 16;
    %ix/load 4, 96, 0;
    %flag_set/imm 4, 0;
    %store/vec4a v000001beb7914570, 4, 0;
    %pushi/vec4 65411, 0, 16;
    %ix/load 4, 97, 0;
    %flag_set/imm 4, 0;
    %store/vec4a v000001beb7914570, 4, 0;
    %pushi/vec4 65425, 0, 16;
    %ix/load 4, 98, 0;
    %flag_set/imm 4, 0;
    %store/vec4a v000001beb7914570, 4, 0;
    %pushi/vec4 65438, 0, 16;
    %ix/load 4, 99, 0;
    %flag_set/imm 4, 0;
    %store/vec4a v000001beb7914570, 4, 0;
    %pushi/vec4 65451, 0, 16;
    %ix/load 4, 100, 0;
    %flag_set/imm 4, 0;
    %store/vec4a v000001beb7914570, 4, 0;
    %pushi/vec4 65462, 0, 16;
    %ix/load 4, 101, 0;
    %flag_set/imm 4, 0;
    %store/vec4a v000001beb7914570, 4, 0;
    %pushi/vec4 65473, 0, 16;
    %ix/load 4, 102, 0;
    %flag_set/imm 4, 0;
    %store/vec4a v000001beb7914570, 4, 0;
    %pushi/vec4 65482, 0, 16;
    %ix/load 4, 103, 0;
    %flag_set/imm 4, 0;
    %store/vec4a v000001beb7914570, 4, 0;
    %pushi/vec4 65491, 0, 16;
    %ix/load 4, 104, 0;
    %flag_set/imm 4, 0;
    %store/vec4a v000001beb7914570, 4, 0;
    %pushi/vec4 65499, 0, 16;
    %ix/load 4, 105, 0;
    %flag_set/imm 4, 0;
    %store/vec4a v000001beb7914570, 4, 0;
    %pushi/vec4 65506, 0, 16;
    %ix/load 4, 106, 0;
    %flag_set/imm 4, 0;
    %store/vec4a v000001beb7914570, 4, 0;
    %pushi/vec4 65512, 0, 16;
    %ix/load 4, 107, 0;
    %flag_set/imm 4, 0;
    %store/vec4a v000001beb7914570, 4, 0;
    %pushi/vec4 65518, 0, 16;
    %ix/load 4, 108, 0;
    %flag_set/imm 4, 0;
    %store/vec4a v000001beb7914570, 4, 0;
    %pushi/vec4 65523, 0, 16;
    %ix/load 4, 109, 0;
    %flag_set/imm 4, 0;
    %store/vec4a v000001beb7914570, 4, 0;
    %pushi/vec4 65527, 0, 16;
    %ix/load 4, 110, 0;
    %flag_set/imm 4, 0;
    %store/vec4a v000001beb7914570, 4, 0;
    %pushi/vec4 65530, 0, 16;
    %ix/load 4, 111, 0;
    %flag_set/imm 4, 0;
    %store/vec4a v000001beb7914570, 4, 0;
    %pushi/vec4 65533, 0, 16;
    %ix/load 4, 112, 0;
    %flag_set/imm 4, 0;
    %store/vec4a v000001beb7914570, 4, 0;
    %pushi/vec4 0, 0, 16;
    %ix/load 4, 113, 0;
    %flag_set/imm 4, 0;
    %store/vec4a v000001beb7914570, 4, 0;
    %pushi/vec4 2, 0, 16;
    %ix/load 4, 114, 0;
    %flag_set/imm 4, 0;
    %store/vec4a v000001beb7914570, 4, 0;
    %pushi/vec4 4, 0, 16;
    %ix/load 4, 115, 0;
    %flag_set/imm 4, 0;
    %store/vec4a v000001beb7914570, 4, 0;
    %pushi/vec4 5, 0, 16;
    %ix/load 4, 116, 0;
    %flag_set/imm 4, 0;
    %store/vec4a v000001beb7914570, 4, 0;
    %pushi/vec4 6, 0, 16;
    %ix/load 4, 117, 0;
    %flag_set/imm 4, 0;
    %store/vec4a v000001beb7914570, 4, 0;
    %pushi/vec4 7, 0, 16;
    %ix/load 4, 118, 0;
    %flag_set/imm 4, 0;
    %store/vec4a v000001beb7914570, 4, 0;
    %pushi/vec4 7, 0, 16;
    %ix/load 4, 119, 0;
    %flag_set/imm 4, 0;
    %store/vec4a v000001beb7914570, 4, 0;
    %pushi/vec4 8, 0, 16;
    %ix/load 4, 120, 0;
    %flag_set/imm 4, 0;
    %store/vec4a v000001beb7914570, 4, 0;
    %pushi/vec4 8, 0, 16;
    %ix/load 4, 121, 0;
    %flag_set/imm 4, 0;
    %store/vec4a v000001beb7914570, 4, 0;
    %pushi/vec4 8, 0, 16;
    %ix/load 4, 122, 0;
    %flag_set/imm 4, 0;
    %store/vec4a v000001beb7914570, 4, 0;
    %pushi/vec4 9, 0, 16;
    %ix/load 4, 123, 0;
    %flag_set/imm 4, 0;
    %store/vec4a v000001beb7914570, 4, 0;
    %pushi/vec4 9, 0, 16;
    %ix/load 4, 124, 0;
    %flag_set/imm 4, 0;
    %store/vec4a v000001beb7914570, 4, 0;
    %pushi/vec4 9, 0, 16;
    %ix/load 4, 125, 0;
    %flag_set/imm 4, 0;
    %store/vec4a v000001beb7914570, 4, 0;
    %pushi/vec4 10, 0, 16;
    %ix/load 4, 126, 0;
    %flag_set/imm 4, 0;
    %store/vec4a v000001beb7914570, 4, 0;
    %end;
    .thread T_0;
    .scope S_000001beb78e3450;
T_1 ;
    %wait E_000001beb7911990;
    %load/vec4 v000001beb7914750_0;
    %nor/r;
    %flag_set/vec4 8;
    %jmp/0xz  T_1.0, 8;
    %pushi/vec4 0, 0, 16;
    %assign/vec4 v000001beb79144d0_0, 0;
    %pushi/vec4 0, 0, 32;
    %store/vec4 v000001beb7914610_0, 0, 32;
T_1.2 ;
    %load/vec4 v000001beb7914610_0;
    %cmpi/s 127, 0, 32;
    %jmp/0xz T_1.3, 5;
    %pushi/vec4 0, 0, 16;
    %ix/getv/s 3, v000001beb7914610_0;
    %ix/load 4, 0, 0; Constant delay
    %assign/vec4/a/d v000001beb798a110, 0, 4;
    %load/vec4 v000001beb7914610_0;
    %addi 1, 0, 32;
    %store/vec4 v000001beb7914610_0, 0, 32;
    %jmp T_1.2;
T_1.3 ;
    %jmp T_1.1;
T_1.0 ;
    %load/vec4 v000001beb78e3680_0;
    %flag_set/vec4 8;
    %jmp/0xz  T_1.4, 8;
    %pushi/vec4 126, 0, 32;
    %store/vec4 v000001beb7914610_0, 0, 32;
T_1.6 ;
    %load/vec4 v000001beb7914610_0;
    %cmpi/s 0, 0, 32;
    %flag_or 5, 4; GT is !LE
    %flag_inv 5;
    %jmp/0xz T_1.7, 5;
    %load/vec4 v000001beb7914610_0;
    %subi 1, 0, 32;
    %ix/vec4/s 4;
    %load/vec4a v000001beb798a110, 4;
    %ix/getv/s 3, v000001beb7914610_0;
    %ix/load 4, 0, 0; Constant delay
    %assign/vec4/a/d v000001beb798a110, 0, 4;
    %load/vec4 v000001beb7914610_0;
    %subi 1, 0, 32;
    %store/vec4 v000001beb7914610_0, 0, 32;
    %jmp T_1.6;
T_1.7 ;
    %load/vec4 v000001beb78e3720_0;
    %ix/load 3, 0, 0;
    %flag_set/imm 4, 0;
    %ix/load 4, 0, 0; Constant delay
    %assign/vec4/a/d v000001beb798a110, 0, 4;
    %pushi/vec4 0, 0, 32;
    %store/vec4 v000001beb78e39a0_0, 0, 32;
    %pushi/vec4 0, 0, 32;
    %store/vec4 v000001beb7914610_0, 0, 32;
T_1.8 ;
    %load/vec4 v000001beb7914610_0;
    %cmpi/s 127, 0, 32;
    %jmp/0xz T_1.9, 5;
    %ix/getv/s 4, v000001beb7914610_0;
    %load/vec4a v000001beb798a110, 4;
    %pad/s 32;
    %ix/getv/s 4, v000001beb7914610_0;
    %load/vec4a v000001beb7914570, 4;
    %pad/s 32;
    %mul;
    %store/vec4 v000001beb79146b0_0, 0, 32;
    %load/vec4 v000001beb78e39a0_0;
    %load/vec4 v000001beb79146b0_0;
    %add;
    %store/vec4 v000001beb78e39a0_0, 0, 32;
    %load/vec4 v000001beb7914610_0;
    %addi 1, 0, 32;
    %store/vec4 v000001beb7914610_0, 0, 32;
    %jmp T_1.8;
T_1.9 ;
    %load/vec4 v000001beb78e39a0_0;
    %ix/load 4, 15, 0;
    %flag_set/imm 4, 0;
    %shiftr/s 4;
    %store/vec4 v000001beb798a070_0, 0, 32;
    %load/vec4 v000001beb798a070_0;
    %cmpi/s 32767, 0, 32;
    %flag_or 5, 4; GT is !LE
    %flag_inv 5;
    %jmp/0xz  T_1.10, 5;
    %pushi/vec4 32767, 0, 16;
    %assign/vec4 v000001beb79144d0_0, 0;
    %jmp T_1.11;
T_1.10 ;
    %load/vec4 v000001beb798a070_0;
    %cmpi/s 4294934528, 0, 32;
    %jmp/0xz  T_1.12, 5;
    %pushi/vec4 32768, 0, 16;
    %assign/vec4 v000001beb79144d0_0, 0;
    %jmp T_1.13;
T_1.12 ;
    %load/vec4 v000001beb798a070_0;
    %parti/s 16, 0, 2;
    %assign/vec4 v000001beb79144d0_0, 0;
T_1.13 ;
T_1.11 ;
T_1.4 ;
T_1.1 ;
    %jmp T_1;
    .thread T_1;
# The file index is used to find the file name in the following table.
:file_names 3;
    "N/A";
    "<interactive>";
    "fir_filter_hp.v";
