#! /c/Source/iverilog-install/bin/vvp
:ivl_version "12.0 (devel)" "(s20150603-1539-g2693dd32b)";
:ivl_delay_selection "TYPICAL";
:vpi_time_precision + 0;
:vpi_module "C:\iverilog\lib\ivl\system.vpi";
:vpi_module "C:\iverilog\lib\ivl\vhdl_sys.vpi";
:vpi_module "C:\iverilog\lib\ivl\vhdl_textio.vpi";
:vpi_module "C:\iverilog\lib\ivl\v2005_math.vpi";
:vpi_module "C:\iverilog\lib\ivl\va_math.vpi";
S_000001934d513450 .scope module, "FIR_filter" "FIR_filter" 2 1;
 .timescale 0 0;
    .port_info 0 /INPUT 1 "clk";
    .port_info 1 /INPUT 1 "rst_n";
    .port_info 2 /INPUT 1 "data_en";
    .port_info 3 /INPUT 16 "data_in";
    .port_info 4 /OUTPUT 16 "data_out";
v000001934d5139a0_0 .var/s "accumulator", 31 0;
o000001934d556f98 .functor BUFZ 1, C4<z>; HiZ drive
v000001934d5135e0_0 .net "clk", 0 0, o000001934d556f98;  0 drivers
o000001934d556fc8 .functor BUFZ 1, C4<z>; HiZ drive
v000001934d513680_0 .net "data_en", 0 0, o000001934d556fc8;  0 drivers
o000001934d556ff8 .functor BUFZ 16, C4<zzzzzzzzzzzzzzzz>; HiZ drive
v000001934d513720_0 .net/s "data_in", 15 0, o000001934d556ff8;  0 drivers
v000001934d543d90_0 .var/s "data_out", 15 0;
v000001934d543e30 .array/s "h", 63 0, 15 0;
v000001934d543ed0_0 .var/i "k", 31 0;
v000001934d543f70_0 .var/s "mult_result", 31 0;
o000001934d5570b8 .functor BUFZ 1, C4<z>; HiZ drive
v000001934d544010_0 .net "rst_n", 0 0, o000001934d5570b8;  0 drivers
v000001934d5440b0_0 .var/s "scaled_result", 31 0;
v000001934d544150 .array/s "x_delay", 63 0, 15 0;
E_000001934d53bfd0/0 .event negedge, v000001934d544010_0;
E_000001934d53bfd0/1 .event posedge, v000001934d5135e0_0;
E_000001934d53bfd0 .event/or E_000001934d53bfd0/0, E_000001934d53bfd0/1;
    .scope S_000001934d513450;
T_0 ;
    %pushi/vec4 65533, 0, 16;
    %ix/load 4, 0, 0;
    %flag_set/imm 4, 0;
    %store/vec4a v000001934d543e30, 4, 0;
    %pushi/vec4 10, 0, 16;
    %ix/load 4, 1, 0;
    %flag_set/imm 4, 0;
    %store/vec4a v000001934d543e30, 4, 0;
    %pushi/vec4 24, 0, 16;
    %ix/load 4, 2, 0;
    %flag_set/imm 4, 0;
    %store/vec4a v000001934d543e30, 4, 0;
    %pushi/vec4 36, 0, 16;
    %ix/load 4, 3, 0;
    %flag_set/imm 4, 0;
    %store/vec4a v000001934d543e30, 4, 0;
    %pushi/vec4 42, 0, 16;
    %ix/load 4, 4, 0;
    %flag_set/imm 4, 0;
    %store/vec4a v000001934d543e30, 4, 0;
    %pushi/vec4 37, 0, 16;
    %ix/load 4, 5, 0;
    %flag_set/imm 4, 0;
    %store/vec4a v000001934d543e30, 4, 0;
    %pushi/vec4 16, 0, 16;
    %ix/load 4, 6, 0;
    %flag_set/imm 4, 0;
    %store/vec4a v000001934d543e30, 4, 0;
    %pushi/vec4 65516, 0, 16;
    %ix/load 4, 7, 0;
    %flag_set/imm 4, 0;
    %store/vec4a v000001934d543e30, 4, 0;
    %pushi/vec4 65470, 0, 16;
    %ix/load 4, 8, 0;
    %flag_set/imm 4, 0;
    %store/vec4a v000001934d543e30, 4, 0;
    %pushi/vec4 65425, 0, 16;
    %ix/load 4, 9, 0;
    %flag_set/imm 4, 0;
    %store/vec4a v000001934d543e30, 4, 0;
    %pushi/vec4 65398, 0, 16;
    %ix/load 4, 10, 0;
    %flag_set/imm 4, 0;
    %store/vec4a v000001934d543e30, 4, 0;
    %pushi/vec4 65407, 0, 16;
    %ix/load 4, 11, 0;
    %flag_set/imm 4, 0;
    %store/vec4a v000001934d543e30, 4, 0;
    %pushi/vec4 65463, 0, 16;
    %ix/load 4, 12, 0;
    %flag_set/imm 4, 0;
    %store/vec4a v000001934d543e30, 4, 0;
    %pushi/vec4 29, 0, 16;
    %ix/load 4, 13, 0;
    %flag_set/imm 4, 0;
    %store/vec4a v000001934d543e30, 4, 0;
    %pushi/vec4 161, 0, 16;
    %ix/load 4, 14, 0;
    %flag_set/imm 4, 0;
    %store/vec4a v000001934d543e30, 4, 0;
    %pushi/vec4 289, 0, 16;
    %ix/load 4, 15, 0;
    %flag_set/imm 4, 0;
    %store/vec4a v000001934d543e30, 4, 0;
    %pushi/vec4 370, 0, 16;
    %ix/load 4, 16, 0;
    %flag_set/imm 4, 0;
    %store/vec4a v000001934d543e30, 4, 0;
    %pushi/vec4 362, 0, 16;
    %ix/load 4, 17, 0;
    %flag_set/imm 4, 0;
    %store/vec4a v000001934d543e30, 4, 0;
    %pushi/vec4 239, 0, 16;
    %ix/load 4, 18, 0;
    %flag_set/imm 4, 0;
    %store/vec4a v000001934d543e30, 4, 0;
    %pushi/vec4 0, 0, 16;
    %ix/load 4, 19, 0;
    %flag_set/imm 4, 0;
    %store/vec4a v000001934d543e30, 4, 0;
    %pushi/vec4 65218, 0, 16;
    %ix/load 4, 20, 0;
    %flag_set/imm 4, 0;
    %store/vec4a v000001934d543e30, 4, 0;
    %pushi/vec4 64892, 0, 16;
    %ix/load 4, 21, 0;
    %flag_set/imm 4, 0;
    %store/vec4a v000001934d543e30, 4, 0;
    %pushi/vec4 64652, 0, 16;
    %ix/load 4, 22, 0;
    %flag_set/imm 4, 0;
    %store/vec4a v000001934d543e30, 4, 0;
    %pushi/vec4 64601, 0, 16;
    %ix/load 4, 23, 0;
    %flag_set/imm 4, 0;
    %store/vec4a v000001934d543e30, 4, 0;
    %pushi/vec4 64821, 0, 16;
    %ix/load 4, 24, 0;
    %flag_set/imm 4, 0;
    %store/vec4a v000001934d543e30, 4, 0;
    %pushi/vec4 65354, 0, 16;
    %ix/load 4, 25, 0;
    %flag_set/imm 4, 0;
    %store/vec4a v000001934d543e30, 4, 0;
    %pushi/vec4 650, 0, 16;
    %ix/load 4, 26, 0;
    %flag_set/imm 4, 0;
    %store/vec4a v000001934d543e30, 4, 0;
    %pushi/vec4 1701, 0, 16;
    %ix/load 4, 27, 0;
    %flag_set/imm 4, 0;
    %store/vec4a v000001934d543e30, 4, 0;
    %pushi/vec4 2840, 0, 16;
    %ix/load 4, 28, 0;
    %flag_set/imm 4, 0;
    %store/vec4a v000001934d543e30, 4, 0;
    %pushi/vec4 3903, 0, 16;
    %ix/load 4, 29, 0;
    %flag_set/imm 4, 0;
    %store/vec4a v000001934d543e30, 4, 0;
    %pushi/vec4 4725, 0, 16;
    %ix/load 4, 30, 0;
    %flag_set/imm 4, 0;
    %store/vec4a v000001934d543e30, 4, 0;
    %pushi/vec4 5173, 0, 16;
    %ix/load 4, 31, 0;
    %flag_set/imm 4, 0;
    %store/vec4a v000001934d543e30, 4, 0;
    %pushi/vec4 5173, 0, 16;
    %ix/load 4, 32, 0;
    %flag_set/imm 4, 0;
    %store/vec4a v000001934d543e30, 4, 0;
    %pushi/vec4 4725, 0, 16;
    %ix/load 4, 33, 0;
    %flag_set/imm 4, 0;
    %store/vec4a v000001934d543e30, 4, 0;
    %pushi/vec4 3903, 0, 16;
    %ix/load 4, 34, 0;
    %flag_set/imm 4, 0;
    %store/vec4a v000001934d543e30, 4, 0;
    %pushi/vec4 2840, 0, 16;
    %ix/load 4, 35, 0;
    %flag_set/imm 4, 0;
    %store/vec4a v000001934d543e30, 4, 0;
    %pushi/vec4 1701, 0, 16;
    %ix/load 4, 36, 0;
    %flag_set/imm 4, 0;
    %store/vec4a v000001934d543e30, 4, 0;
    %pushi/vec4 650, 0, 16;
    %ix/load 4, 37, 0;
    %flag_set/imm 4, 0;
    %store/vec4a v000001934d543e30, 4, 0;
    %pushi/vec4 65354, 0, 16;
    %ix/load 4, 38, 0;
    %flag_set/imm 4, 0;
    %store/vec4a v000001934d543e30, 4, 0;
    %pushi/vec4 64821, 0, 16;
    %ix/load 4, 39, 0;
    %flag_set/imm 4, 0;
    %store/vec4a v000001934d543e30, 4, 0;
    %pushi/vec4 64601, 0, 16;
    %ix/load 4, 40, 0;
    %flag_set/imm 4, 0;
    %store/vec4a v000001934d543e30, 4, 0;
    %pushi/vec4 64652, 0, 16;
    %ix/load 4, 41, 0;
    %flag_set/imm 4, 0;
    %store/vec4a v000001934d543e30, 4, 0;
    %pushi/vec4 64892, 0, 16;
    %ix/load 4, 42, 0;
    %flag_set/imm 4, 0;
    %store/vec4a v000001934d543e30, 4, 0;
    %pushi/vec4 65218, 0, 16;
    %ix/load 4, 43, 0;
    %flag_set/imm 4, 0;
    %store/vec4a v000001934d543e30, 4, 0;
    %pushi/vec4 0, 0, 16;
    %ix/load 4, 44, 0;
    %flag_set/imm 4, 0;
    %store/vec4a v000001934d543e30, 4, 0;
    %pushi/vec4 239, 0, 16;
    %ix/load 4, 45, 0;
    %flag_set/imm 4, 0;
    %store/vec4a v000001934d543e30, 4, 0;
    %pushi/vec4 362, 0, 16;
    %ix/load 4, 46, 0;
    %flag_set/imm 4, 0;
    %store/vec4a v000001934d543e30, 4, 0;
    %pushi/vec4 370, 0, 16;
    %ix/load 4, 47, 0;
    %flag_set/imm 4, 0;
    %store/vec4a v000001934d543e30, 4, 0;
    %pushi/vec4 289, 0, 16;
    %ix/load 4, 48, 0;
    %flag_set/imm 4, 0;
    %store/vec4a v000001934d543e30, 4, 0;
    %pushi/vec4 161, 0, 16;
    %ix/load 4, 49, 0;
    %flag_set/imm 4, 0;
    %store/vec4a v000001934d543e30, 4, 0;
    %pushi/vec4 29, 0, 16;
    %ix/load 4, 50, 0;
    %flag_set/imm 4, 0;
    %store/vec4a v000001934d543e30, 4, 0;
    %pushi/vec4 65463, 0, 16;
    %ix/load 4, 51, 0;
    %flag_set/imm 4, 0;
    %store/vec4a v000001934d543e30, 4, 0;
    %pushi/vec4 65407, 0, 16;
    %ix/load 4, 52, 0;
    %flag_set/imm 4, 0;
    %store/vec4a v000001934d543e30, 4, 0;
    %pushi/vec4 65398, 0, 16;
    %ix/load 4, 53, 0;
    %flag_set/imm 4, 0;
    %store/vec4a v000001934d543e30, 4, 0;
    %pushi/vec4 65425, 0, 16;
    %ix/load 4, 54, 0;
    %flag_set/imm 4, 0;
    %store/vec4a v000001934d543e30, 4, 0;
    %pushi/vec4 65470, 0, 16;
    %ix/load 4, 55, 0;
    %flag_set/imm 4, 0;
    %store/vec4a v000001934d543e30, 4, 0;
    %pushi/vec4 65516, 0, 16;
    %ix/load 4, 56, 0;
    %flag_set/imm 4, 0;
    %store/vec4a v000001934d543e30, 4, 0;
    %pushi/vec4 16, 0, 16;
    %ix/load 4, 57, 0;
    %flag_set/imm 4, 0;
    %store/vec4a v000001934d543e30, 4, 0;
    %pushi/vec4 37, 0, 16;
    %ix/load 4, 58, 0;
    %flag_set/imm 4, 0;
    %store/vec4a v000001934d543e30, 4, 0;
    %pushi/vec4 42, 0, 16;
    %ix/load 4, 59, 0;
    %flag_set/imm 4, 0;
    %store/vec4a v000001934d543e30, 4, 0;
    %pushi/vec4 36, 0, 16;
    %ix/load 4, 60, 0;
    %flag_set/imm 4, 0;
    %store/vec4a v000001934d543e30, 4, 0;
    %pushi/vec4 24, 0, 16;
    %ix/load 4, 61, 0;
    %flag_set/imm 4, 0;
    %store/vec4a v000001934d543e30, 4, 0;
    %pushi/vec4 10, 0, 16;
    %ix/load 4, 62, 0;
    %flag_set/imm 4, 0;
    %store/vec4a v000001934d543e30, 4, 0;
    %pushi/vec4 65533, 0, 16;
    %ix/load 4, 63, 0;
    %flag_set/imm 4, 0;
    %store/vec4a v000001934d543e30, 4, 0;
    %end;
    .thread T_0;
    .scope S_000001934d513450;
T_1 ;
    %wait E_000001934d53bfd0;
    %load/vec4 v000001934d544010_0;
    %nor/r;
    %flag_set/vec4 8;
    %jmp/0xz  T_1.0, 8;
    %pushi/vec4 0, 0, 16;
    %assign/vec4 v000001934d543d90_0, 0;
    %pushi/vec4 0, 0, 32;
    %store/vec4 v000001934d543ed0_0, 0, 32;
T_1.2 ;
    %load/vec4 v000001934d543ed0_0;
    %cmpi/s 64, 0, 32;
    %jmp/0xz T_1.3, 5;
    %pushi/vec4 0, 0, 16;
    %ix/getv/s 3, v000001934d543ed0_0;
    %ix/load 4, 0, 0; Constant delay
    %assign/vec4/a/d v000001934d544150, 0, 4;
    %load/vec4 v000001934d543ed0_0;
    %addi 1, 0, 32;
    %store/vec4 v000001934d543ed0_0, 0, 32;
    %jmp T_1.2;
T_1.3 ;
    %jmp T_1.1;
T_1.0 ;
    %load/vec4 v000001934d513680_0;
    %flag_set/vec4 8;
    %jmp/0xz  T_1.4, 8;
    %pushi/vec4 63, 0, 32;
    %store/vec4 v000001934d543ed0_0, 0, 32;
T_1.6 ;
    %load/vec4 v000001934d543ed0_0;
    %cmpi/s 0, 0, 32;
    %flag_or 5, 4; GT is !LE
    %flag_inv 5;
    %jmp/0xz T_1.7, 5;
    %load/vec4 v000001934d543ed0_0;
    %subi 1, 0, 32;
    %ix/vec4/s 4;
    %load/vec4a v000001934d544150, 4;
    %ix/getv/s 3, v000001934d543ed0_0;
    %ix/load 4, 0, 0; Constant delay
    %assign/vec4/a/d v000001934d544150, 0, 4;
    %load/vec4 v000001934d543ed0_0;
    %subi 1, 0, 32;
    %store/vec4 v000001934d543ed0_0, 0, 32;
    %jmp T_1.6;
T_1.7 ;
    %load/vec4 v000001934d513720_0;
    %ix/load 3, 0, 0;
    %flag_set/imm 4, 0;
    %ix/load 4, 0, 0; Constant delay
    %assign/vec4/a/d v000001934d544150, 0, 4;
    %pushi/vec4 0, 0, 32;
    %store/vec4 v000001934d5139a0_0, 0, 32;
    %pushi/vec4 0, 0, 32;
    %store/vec4 v000001934d543ed0_0, 0, 32;
T_1.8 ;
    %load/vec4 v000001934d543ed0_0;
    %cmpi/s 64, 0, 32;
    %jmp/0xz T_1.9, 5;
    %ix/getv/s 4, v000001934d543ed0_0;
    %load/vec4a v000001934d544150, 4;
    %pad/s 32;
    %ix/getv/s 4, v000001934d543ed0_0;
    %load/vec4a v000001934d543e30, 4;
    %pad/s 32;
    %mul;
    %store/vec4 v000001934d543f70_0, 0, 32;
    %load/vec4 v000001934d5139a0_0;
    %load/vec4 v000001934d543f70_0;
    %add;
    %store/vec4 v000001934d5139a0_0, 0, 32;
    %load/vec4 v000001934d543ed0_0;
    %addi 1, 0, 32;
    %store/vec4 v000001934d543ed0_0, 0, 32;
    %jmp T_1.8;
T_1.9 ;
    %load/vec4 v000001934d5139a0_0;
    %ix/load 4, 15, 0;
    %flag_set/imm 4, 0;
    %shiftr/s 4;
    %store/vec4 v000001934d5440b0_0, 0, 32;
    %load/vec4 v000001934d5440b0_0;
    %cmpi/s 32767, 0, 32;
    %flag_or 5, 4; GT is !LE
    %flag_inv 5;
    %jmp/0xz  T_1.10, 5;
    %pushi/vec4 32767, 0, 16;
    %assign/vec4 v000001934d543d90_0, 0;
    %jmp T_1.11;
T_1.10 ;
    %load/vec4 v000001934d5440b0_0;
    %cmpi/s 4294934528, 0, 32;
    %jmp/0xz  T_1.12, 5;
    %pushi/vec4 32768, 0, 16;
    %assign/vec4 v000001934d543d90_0, 0;
    %jmp T_1.13;
T_1.12 ;
    %load/vec4 v000001934d5440b0_0;
    %parti/s 16, 0, 2;
    %assign/vec4 v000001934d543d90_0, 0;
T_1.13 ;
T_1.11 ;
T_1.4 ;
T_1.1 ;
    %jmp T_1;
    .thread T_1;
# The file index is used to find the file name in the following table.
:file_names 3;
    "N/A";
    "<interactive>";
    "fir_filter.v";
