#! /c/Source/iverilog-install/bin/vvp
:ivl_version "12.0 (devel)" "(s20150603-1539-g2693dd32b)";
:ivl_delay_selection "TYPICAL";
:vpi_time_precision - 4;
:vpi_module "C:\iverilog\lib\ivl\system.vpi";
:vpi_module "C:\iverilog\lib\ivl\vhdl_sys.vpi";
:vpi_module "C:\iverilog\lib\ivl\vhdl_textio.vpi";
:vpi_module "C:\iverilog\lib\ivl\v2005_math.vpi";
:vpi_module "C:\iverilog\lib\ivl\va_math.vpi";
S_000001924bfcec10 .scope module, "tb_system" "tb_system" 2 9;
 .timescale -3 -4;
v000001924bff1710_0 .var "clk", 0 0;
v000001924bff1df0_0 .net "energy_waveform", 31 0, L_000001924bf3db20;  1 drivers
v000001924bff24d0_0 .net/s "final_data", 15 0, v000001924c3807c0_0;  1 drivers
v000001924bff18f0_0 .net/s "hp_data", 15 0, v000001924c380360_0;  1 drivers
v000001924bff21b0_0 .net/s "lp_data", 15 0, v000001924c380a40_0;  1 drivers
v000001924bff1b70_0 .net "peak_flag", 0 0, v000001924bff1ad0_0;  1 drivers
v000001924bff3470_0 .net/s "raw_data", 15 0, v000001924bfcea30_0;  1 drivers
v000001924bff1d50_0 .net "rr_count", 31 0, v000001924bff1fd0_0;  1 drivers
v000001924bff2890_0 .var/real "rr_time_ms", 0 0;
v000001924bff2750_0 .var "rst_n", 0 0;
E_000001924bfafa20 .event anyedge, v000001924bff1fd0_0;
S_000001924bf99ed0 .scope module, "u_adc" "adc" 2 26, 3 1 0, S_000001924bfcec10;
 .timescale -3 -4;
    .port_info 0 /INPUT 1 "clk";
    .port_info 1 /INPUT 1 "rst_n";
    .port_info 2 /INPUT 1 "data_en";
    .port_info 3 /OUTPUT 16 "data_out";
v000001924bfae010_0 .net "clk", 0 0, v000001924bff1710_0;  1 drivers
L_000001924c3810a8 .functor BUFT 1, C4<1>, C4<0>, C4<0>, C4<0>;
v000001924bfceda0_0 .net "data_en", 0 0, L_000001924c3810a8;  1 drivers
v000001924bfcea30_0 .var "data_out", 15 0;
v000001924bfcead0_0 .var/i "idx", 31 0;
v000001924bfce7b0 .array "memory", 65535 0, 15 0;
v000001924bfce850_0 .net "rst_n", 0 0, v000001924bff2750_0;  1 drivers
E_000001924bfaffe0/0 .event negedge, v000001924bfce850_0;
E_000001924bfaffe0/1 .event posedge, v000001924bfae010_0;
E_000001924bfaffe0 .event/or E_000001924bfaffe0/0, E_000001924bfaffe0/1;
S_000001924bf9a060 .scope module, "u_hp" "FIR_filter_hp" 2 32, 4 1 0, S_000001924bfcec10;
 .timescale -3 -4;
    .port_info 0 /INPUT 1 "clk";
    .port_info 1 /INPUT 1 "rst_n";
    .port_info 2 /INPUT 1 "data_en";
    .port_info 3 /INPUT 16 "data_in";
    .port_info 4 /OUTPUT 16 "data_out";
v000001924bfc41a0_0 .var/s "accumulator", 31 0;
v000001924bfc4240_0 .net "clk", 0 0, v000001924bff1710_0;  alias, 1 drivers
L_000001924c3810f0 .functor BUFT 1, C4<1>, C4<0>, C4<0>, C4<0>;
v000001924bf9a1f0_0 .net "data_en", 0 0, L_000001924c3810f0;  1 drivers
v000001924c380fe0_0 .net/s "data_in", 15 0, v000001924bfcea30_0;  alias, 1 drivers
v000001924c380360_0 .var/s "data_out", 15 0;
v000001924c380860 .array/s "h", 126 0, 15 0;
v000001924c380d60_0 .var/i "k", 31 0;
v000001924c380720_0 .var/s "mult_result", 31 0;
v000001924c380900_0 .net "rst_n", 0 0, v000001924bff2750_0;  alias, 1 drivers
v000001924c380220_0 .var/s "scaled_result", 31 0;
v000001924c3804a0 .array/s "x_delay", 127 0, 15 0;
S_000001924bf97860 .scope module, "u_lp" "FIR_filter" 2 39, 5 1 0, S_000001924bfcec10;
 .timescale -3 -4;
    .port_info 0 /INPUT 1 "clk";
    .port_info 1 /INPUT 1 "rst_n";
    .port_info 2 /INPUT 1 "data_en";
    .port_info 3 /INPUT 16 "data_in";
    .port_info 4 /OUTPUT 16 "data_out";
v000001924c380ae0_0 .var/s "accumulator", 31 0;
v000001924c3809a0_0 .net "clk", 0 0, v000001924bff1710_0;  alias, 1 drivers
L_000001924c381138 .functor BUFT 1, C4<1>, C4<0>, C4<0>, C4<0>;
v000001924c380400_0 .net "data_en", 0 0, L_000001924c381138;  1 drivers
v000001924c380e00_0 .net/s "data_in", 15 0, v000001924c380360_0;  alias, 1 drivers
v000001924c380a40_0 .var/s "data_out", 15 0;
v000001924c380540 .array/s "h", 63 0, 15 0;
v000001924c380b80_0 .var/i "k", 31 0;
v000001924c380f40_0 .var/s "mult_result", 31 0;
v000001924c3805e0_0 .net "rst_n", 0 0, v000001924bff2750_0;  alias, 1 drivers
v000001924c380ea0_0 .var/s "scaled_result", 31 0;
v000001924c3800e0 .array/s "x_delay", 63 0, 15 0;
S_000001924bf979f0 .scope module, "u_notch" "FIR_filter_BS" 2 46, 6 1 0, S_000001924bfcec10;
 .timescale -3 -4;
    .port_info 0 /INPUT 1 "clk";
    .port_info 1 /INPUT 1 "rst_n";
    .port_info 2 /INPUT 1 "data_en";
    .port_info 3 /INPUT 16 "data_in";
    .port_info 4 /OUTPUT 16 "data_out";
v000001924c380180_0 .var/s "accumulator", 31 0;
v000001924c3802c0_0 .net "clk", 0 0, v000001924bff1710_0;  alias, 1 drivers
L_000001924c381180 .functor BUFT 1, C4<1>, C4<0>, C4<0>, C4<0>;
v000001924c380680_0 .net "data_en", 0 0, L_000001924c381180;  1 drivers
v000001924c380c20_0 .net/s "data_in", 15 0, v000001924c380a40_0;  alias, 1 drivers
v000001924c3807c0_0 .var/s "data_out", 15 0;
v000001924c380cc0 .array/s "h", 64 0, 15 0;
v000001924bff2930_0 .var/i "k", 31 0;
v000001924bff29d0_0 .var/s "mult_result", 31 0;
v000001924bff2570_0 .net "rst_n", 0 0, v000001924bff2750_0;  alias, 1 drivers
v000001924bff27f0_0 .var/s "scaled_result", 31 0;
v000001924bff22f0 .array/s "x_delay", 64 0, 15 0;
S_000001924c00dad0 .scope module, "u_rr" "RR_detector" 2 53, 7 1 0, S_000001924bfcec10;
 .timescale -3 -4;
    .port_info 0 /INPUT 1 "clk";
    .port_info 1 /INPUT 1 "rst_n";
    .port_info 2 /INPUT 16 "data_in";
    .port_info 3 /OUTPUT 1 "peak_flag";
    .port_info 4 /OUTPUT 32 "rr_interval";
    .port_info 5 /OUTPUT 32 "energy_debug";
P_000001924bff38e0 .param/l "REFRACTORY_PERIOD" 0 7 15, +C4<00000000000000000000000001111101>;
P_000001924bff3918 .param/l "THRESHOLD_SQ" 0 7 10, C4<00000111101111111010010010000000>;
L_000001924bf3db20 .functor BUFZ 32, L_000001924bff2d90, C4<00000000000000000000000000000000>, C4<00000000000000000000000000000000>, C4<00000000000000000000000000000000>;
v000001924bff1f30_0 .net/s *"_ivl_0", 31 0, L_000001924bff2430;  1 drivers
v000001924bff2250_0 .net/s *"_ivl_2", 31 0, L_000001924bff15d0;  1 drivers
v000001924bff33d0_0 .net "clk", 0 0, v000001924bff1710_0;  alias, 1 drivers
v000001924bff2390_0 .net/s "data_in", 15 0, v000001924c3807c0_0;  alias, 1 drivers
v000001924bff1a30_0 .net/s "data_sq", 31 0, L_000001924bff2d90;  1 drivers
v000001924bff2c50_0 .net "energy_debug", 31 0, L_000001924bf3db20;  alias, 1 drivers
v000001924bff2cf0_0 .var "global_counter", 31 0;
v000001924bff1c10_0 .var "last_peak_time", 31 0;
v000001924bff1ad0_0 .var "peak_flag", 0 0;
v000001924bff1cb0_0 .var "refractory_cnt", 31 0;
v000001924bff1fd0_0 .var "rr_interval", 31 0;
v000001924bff2f70_0 .net "rst_n", 0 0, v000001924bff2750_0;  alias, 1 drivers
L_000001924bff2430 .extend/s 32, v000001924c3807c0_0;
L_000001924bff15d0 .extend/s 32, v000001924c3807c0_0;
L_000001924bff2d90 .arith/mult 32, L_000001924bff2430, L_000001924bff15d0;
    .scope S_000001924bf99ed0;
T_0 ;
    %vpi_call 3 12 "$readmemh", "ecg_input.hex", v000001924bfce7b0 {0 0 0};
    %pushi/vec4 0, 0, 32;
    %store/vec4 v000001924bfcead0_0, 0, 32;
    %pushi/vec4 0, 0, 16;
    %store/vec4 v000001924bfcea30_0, 0, 16;
    %end;
    .thread T_0;
    .scope S_000001924bf99ed0;
T_1 ;
    %wait E_000001924bfaffe0;
    %load/vec4 v000001924bfce850_0;
    %nor/r;
    %flag_set/vec4 8;
    %jmp/0xz  T_1.0, 8;
    %pushi/vec4 0, 0, 32;
    %assign/vec4 v000001924bfcead0_0, 0;
    %pushi/vec4 0, 0, 16;
    %assign/vec4 v000001924bfcea30_0, 0;
    %jmp T_1.1;
T_1.0 ;
    %load/vec4 v000001924bfceda0_0;
    %flag_set/vec4 8;
    %jmp/0xz  T_1.2, 8;
    %ix/getv/s 4, v000001924bfcead0_0;
    %load/vec4a v000001924bfce7b0, 4;
    %assign/vec4 v000001924bfcea30_0, 0;
    %load/vec4 v000001924bfcead0_0;
    %cmpi/s 65535, 0, 32;
    %jmp/0xz  T_1.4, 5;
    %load/vec4 v000001924bfcead0_0;
    %addi 1, 0, 32;
    %assign/vec4 v000001924bfcead0_0, 0;
    %jmp T_1.5;
T_1.4 ;
    %pushi/vec4 0, 0, 32;
    %assign/vec4 v000001924bfcead0_0, 0;
T_1.5 ;
T_1.2 ;
T_1.1 ;
    %jmp T_1;
    .thread T_1;
    .scope S_000001924bf9a060;
T_2 ;
    %pushi/vec4 10, 0, 16;
    %ix/load 4, 0, 0;
    %flag_set/imm 4, 0;
    %store/vec4a v000001924c380860, 4, 0;
    %pushi/vec4 9, 0, 16;
    %ix/load 4, 1, 0;
    %flag_set/imm 4, 0;
    %store/vec4a v000001924c380860, 4, 0;
    %pushi/vec4 9, 0, 16;
    %ix/load 4, 2, 0;
    %flag_set/imm 4, 0;
    %store/vec4a v000001924c380860, 4, 0;
    %pushi/vec4 9, 0, 16;
    %ix/load 4, 3, 0;
    %flag_set/imm 4, 0;
    %store/vec4a v000001924c380860, 4, 0;
    %pushi/vec4 8, 0, 16;
    %ix/load 4, 4, 0;
    %flag_set/imm 4, 0;
    %store/vec4a v000001924c380860, 4, 0;
    %pushi/vec4 8, 0, 16;
    %ix/load 4, 5, 0;
    %flag_set/imm 4, 0;
    %store/vec4a v000001924c380860, 4, 0;
    %pushi/vec4 8, 0, 16;
    %ix/load 4, 6, 0;
    %flag_set/imm 4, 0;
    %store/vec4a v000001924c380860, 4, 0;
    %pushi/vec4 7, 0, 16;
    %ix/load 4, 7, 0;
    %flag_set/imm 4, 0;
    %store/vec4a v000001924c380860, 4, 0;
    %pushi/vec4 7, 0, 16;
    %ix/load 4, 8, 0;
    %flag_set/imm 4, 0;
    %store/vec4a v000001924c380860, 4, 0;
    %pushi/vec4 6, 0, 16;
    %ix/load 4, 9, 0;
    %flag_set/imm 4, 0;
    %store/vec4a v000001924c380860, 4, 0;
    %pushi/vec4 5, 0, 16;
    %ix/load 4, 10, 0;
    %flag_set/imm 4, 0;
    %store/vec4a v000001924c380860, 4, 0;
    %pushi/vec4 4, 0, 16;
    %ix/load 4, 11, 0;
    %flag_set/imm 4, 0;
    %store/vec4a v000001924c380860, 4, 0;
    %pushi/vec4 2, 0, 16;
    %ix/load 4, 12, 0;
    %flag_set/imm 4, 0;
    %store/vec4a v000001924c380860, 4, 0;
    %pushi/vec4 0, 0, 16;
    %ix/load 4, 13, 0;
    %flag_set/imm 4, 0;
    %store/vec4a v000001924c380860, 4, 0;
    %pushi/vec4 65533, 0, 16;
    %ix/load 4, 14, 0;
    %flag_set/imm 4, 0;
    %store/vec4a v000001924c380860, 4, 0;
    %pushi/vec4 65530, 0, 16;
    %ix/load 4, 15, 0;
    %flag_set/imm 4, 0;
    %store/vec4a v000001924c380860, 4, 0;
    %pushi/vec4 65527, 0, 16;
    %ix/load 4, 16, 0;
    %flag_set/imm 4, 0;
    %store/vec4a v000001924c380860, 4, 0;
    %pushi/vec4 65523, 0, 16;
    %ix/load 4, 17, 0;
    %flag_set/imm 4, 0;
    %store/vec4a v000001924c380860, 4, 0;
    %pushi/vec4 65518, 0, 16;
    %ix/load 4, 18, 0;
    %flag_set/imm 4, 0;
    %store/vec4a v000001924c380860, 4, 0;
    %pushi/vec4 65512, 0, 16;
    %ix/load 4, 19, 0;
    %flag_set/imm 4, 0;
    %store/vec4a v000001924c380860, 4, 0;
    %pushi/vec4 65506, 0, 16;
    %ix/load 4, 20, 0;
    %flag_set/imm 4, 0;
    %store/vec4a v000001924c380860, 4, 0;
    %pushi/vec4 65499, 0, 16;
    %ix/load 4, 21, 0;
    %flag_set/imm 4, 0;
    %store/vec4a v000001924c380860, 4, 0;
    %pushi/vec4 65491, 0, 16;
    %ix/load 4, 22, 0;
    %flag_set/imm 4, 0;
    %store/vec4a v000001924c380860, 4, 0;
    %pushi/vec4 65482, 0, 16;
    %ix/load 4, 23, 0;
    %flag_set/imm 4, 0;
    %store/vec4a v000001924c380860, 4, 0;
    %pushi/vec4 65473, 0, 16;
    %ix/load 4, 24, 0;
    %flag_set/imm 4, 0;
    %store/vec4a v000001924c380860, 4, 0;
    %pushi/vec4 65462, 0, 16;
    %ix/load 4, 25, 0;
    %flag_set/imm 4, 0;
    %store/vec4a v000001924c380860, 4, 0;
    %pushi/vec4 65451, 0, 16;
    %ix/load 4, 26, 0;
    %flag_set/imm 4, 0;
    %store/vec4a v000001924c380860, 4, 0;
    %pushi/vec4 65438, 0, 16;
    %ix/load 4, 27, 0;
    %flag_set/imm 4, 0;
    %store/vec4a v000001924c380860, 4, 0;
    %pushi/vec4 65425, 0, 16;
    %ix/load 4, 28, 0;
    %flag_set/imm 4, 0;
    %store/vec4a v000001924c380860, 4, 0;
    %pushi/vec4 65411, 0, 16;
    %ix/load 4, 29, 0;
    %flag_set/imm 4, 0;
    %store/vec4a v000001924c380860, 4, 0;
    %pushi/vec4 65396, 0, 16;
    %ix/load 4, 30, 0;
    %flag_set/imm 4, 0;
    %store/vec4a v000001924c380860, 4, 0;
    %pushi/vec4 65380, 0, 16;
    %ix/load 4, 31, 0;
    %flag_set/imm 4, 0;
    %store/vec4a v000001924c380860, 4, 0;
    %pushi/vec4 65363, 0, 16;
    %ix/load 4, 32, 0;
    %flag_set/imm 4, 0;
    %store/vec4a v000001924c380860, 4, 0;
    %pushi/vec4 65346, 0, 16;
    %ix/load 4, 33, 0;
    %flag_set/imm 4, 0;
    %store/vec4a v000001924c380860, 4, 0;
    %pushi/vec4 65328, 0, 16;
    %ix/load 4, 34, 0;
    %flag_set/imm 4, 0;
    %store/vec4a v000001924c380860, 4, 0;
    %pushi/vec4 65309, 0, 16;
    %ix/load 4, 35, 0;
    %flag_set/imm 4, 0;
    %store/vec4a v000001924c380860, 4, 0;
    %pushi/vec4 65290, 0, 16;
    %ix/load 4, 36, 0;
    %flag_set/imm 4, 0;
    %store/vec4a v000001924c380860, 4, 0;
    %pushi/vec4 65270, 0, 16;
    %ix/load 4, 37, 0;
    %flag_set/imm 4, 0;
    %store/vec4a v000001924c380860, 4, 0;
    %pushi/vec4 65249, 0, 16;
    %ix/load 4, 38, 0;
    %flag_set/imm 4, 0;
    %store/vec4a v000001924c380860, 4, 0;
    %pushi/vec4 65229, 0, 16;
    %ix/load 4, 39, 0;
    %flag_set/imm 4, 0;
    %store/vec4a v000001924c380860, 4, 0;
    %pushi/vec4 65208, 0, 16;
    %ix/load 4, 40, 0;
    %flag_set/imm 4, 0;
    %store/vec4a v000001924c380860, 4, 0;
    %pushi/vec4 65187, 0, 16;
    %ix/load 4, 41, 0;
    %flag_set/imm 4, 0;
    %store/vec4a v000001924c380860, 4, 0;
    %pushi/vec4 65165, 0, 16;
    %ix/load 4, 42, 0;
    %flag_set/imm 4, 0;
    %store/vec4a v000001924c380860, 4, 0;
    %pushi/vec4 65144, 0, 16;
    %ix/load 4, 43, 0;
    %flag_set/imm 4, 0;
    %store/vec4a v000001924c380860, 4, 0;
    %pushi/vec4 65123, 0, 16;
    %ix/load 4, 44, 0;
    %flag_set/imm 4, 0;
    %store/vec4a v000001924c380860, 4, 0;
    %pushi/vec4 65102, 0, 16;
    %ix/load 4, 45, 0;
    %flag_set/imm 4, 0;
    %store/vec4a v000001924c380860, 4, 0;
    %pushi/vec4 65082, 0, 16;
    %ix/load 4, 46, 0;
    %flag_set/imm 4, 0;
    %store/vec4a v000001924c380860, 4, 0;
    %pushi/vec4 65062, 0, 16;
    %ix/load 4, 47, 0;
    %flag_set/imm 4, 0;
    %store/vec4a v000001924c380860, 4, 0;
    %pushi/vec4 65042, 0, 16;
    %ix/load 4, 48, 0;
    %flag_set/imm 4, 0;
    %store/vec4a v000001924c380860, 4, 0;
    %pushi/vec4 65024, 0, 16;
    %ix/load 4, 49, 0;
    %flag_set/imm 4, 0;
    %store/vec4a v000001924c380860, 4, 0;
    %pushi/vec4 65006, 0, 16;
    %ix/load 4, 50, 0;
    %flag_set/imm 4, 0;
    %store/vec4a v000001924c380860, 4, 0;
    %pushi/vec4 64988, 0, 16;
    %ix/load 4, 51, 0;
    %flag_set/imm 4, 0;
    %store/vec4a v000001924c380860, 4, 0;
    %pushi/vec4 64972, 0, 16;
    %ix/load 4, 52, 0;
    %flag_set/imm 4, 0;
    %store/vec4a v000001924c380860, 4, 0;
    %pushi/vec4 64957, 0, 16;
    %ix/load 4, 53, 0;
    %flag_set/imm 4, 0;
    %store/vec4a v000001924c380860, 4, 0;
    %pushi/vec4 64943, 0, 16;
    %ix/load 4, 54, 0;
    %flag_set/imm 4, 0;
    %store/vec4a v000001924c380860, 4, 0;
    %pushi/vec4 64930, 0, 16;
    %ix/load 4, 55, 0;
    %flag_set/imm 4, 0;
    %store/vec4a v000001924c380860, 4, 0;
    %pushi/vec4 64919, 0, 16;
    %ix/load 4, 56, 0;
    %flag_set/imm 4, 0;
    %store/vec4a v000001924c380860, 4, 0;
    %pushi/vec4 64909, 0, 16;
    %ix/load 4, 57, 0;
    %flag_set/imm 4, 0;
    %store/vec4a v000001924c380860, 4, 0;
    %pushi/vec4 64900, 0, 16;
    %ix/load 4, 58, 0;
    %flag_set/imm 4, 0;
    %store/vec4a v000001924c380860, 4, 0;
    %pushi/vec4 64893, 0, 16;
    %ix/load 4, 59, 0;
    %flag_set/imm 4, 0;
    %store/vec4a v000001924c380860, 4, 0;
    %pushi/vec4 64888, 0, 16;
    %ix/load 4, 60, 0;
    %flag_set/imm 4, 0;
    %store/vec4a v000001924c380860, 4, 0;
    %pushi/vec4 64884, 0, 16;
    %ix/load 4, 61, 0;
    %flag_set/imm 4, 0;
    %store/vec4a v000001924c380860, 4, 0;
    %pushi/vec4 64881, 0, 16;
    %ix/load 4, 62, 0;
    %flag_set/imm 4, 0;
    %store/vec4a v000001924c380860, 4, 0;
    %pushi/vec4 32122, 0, 16;
    %ix/load 4, 63, 0;
    %flag_set/imm 4, 0;
    %store/vec4a v000001924c380860, 4, 0;
    %pushi/vec4 64881, 0, 16;
    %ix/load 4, 64, 0;
    %flag_set/imm 4, 0;
    %store/vec4a v000001924c380860, 4, 0;
    %pushi/vec4 64884, 0, 16;
    %ix/load 4, 65, 0;
    %flag_set/imm 4, 0;
    %store/vec4a v000001924c380860, 4, 0;
    %pushi/vec4 64888, 0, 16;
    %ix/load 4, 66, 0;
    %flag_set/imm 4, 0;
    %store/vec4a v000001924c380860, 4, 0;
    %pushi/vec4 64893, 0, 16;
    %ix/load 4, 67, 0;
    %flag_set/imm 4, 0;
    %store/vec4a v000001924c380860, 4, 0;
    %pushi/vec4 64900, 0, 16;
    %ix/load 4, 68, 0;
    %flag_set/imm 4, 0;
    %store/vec4a v000001924c380860, 4, 0;
    %pushi/vec4 64909, 0, 16;
    %ix/load 4, 69, 0;
    %flag_set/imm 4, 0;
    %store/vec4a v000001924c380860, 4, 0;
    %pushi/vec4 64919, 0, 16;
    %ix/load 4, 70, 0;
    %flag_set/imm 4, 0;
    %store/vec4a v000001924c380860, 4, 0;
    %pushi/vec4 64930, 0, 16;
    %ix/load 4, 71, 0;
    %flag_set/imm 4, 0;
    %store/vec4a v000001924c380860, 4, 0;
    %pushi/vec4 64943, 0, 16;
    %ix/load 4, 72, 0;
    %flag_set/imm 4, 0;
    %store/vec4a v000001924c380860, 4, 0;
    %pushi/vec4 64957, 0, 16;
    %ix/load 4, 73, 0;
    %flag_set/imm 4, 0;
    %store/vec4a v000001924c380860, 4, 0;
    %pushi/vec4 64972, 0, 16;
    %ix/load 4, 74, 0;
    %flag_set/imm 4, 0;
    %store/vec4a v000001924c380860, 4, 0;
    %pushi/vec4 64988, 0, 16;
    %ix/load 4, 75, 0;
    %flag_set/imm 4, 0;
    %store/vec4a v000001924c380860, 4, 0;
    %pushi/vec4 65006, 0, 16;
    %ix/load 4, 76, 0;
    %flag_set/imm 4, 0;
    %store/vec4a v000001924c380860, 4, 0;
    %pushi/vec4 65024, 0, 16;
    %ix/load 4, 77, 0;
    %flag_set/imm 4, 0;
    %store/vec4a v000001924c380860, 4, 0;
    %pushi/vec4 65042, 0, 16;
    %ix/load 4, 78, 0;
    %flag_set/imm 4, 0;
    %store/vec4a v000001924c380860, 4, 0;
    %pushi/vec4 65062, 0, 16;
    %ix/load 4, 79, 0;
    %flag_set/imm 4, 0;
    %store/vec4a v000001924c380860, 4, 0;
    %pushi/vec4 65082, 0, 16;
    %ix/load 4, 80, 0;
    %flag_set/imm 4, 0;
    %store/vec4a v000001924c380860, 4, 0;
    %pushi/vec4 65102, 0, 16;
    %ix/load 4, 81, 0;
    %flag_set/imm 4, 0;
    %store/vec4a v000001924c380860, 4, 0;
    %pushi/vec4 65123, 0, 16;
    %ix/load 4, 82, 0;
    %flag_set/imm 4, 0;
    %store/vec4a v000001924c380860, 4, 0;
    %pushi/vec4 65144, 0, 16;
    %ix/load 4, 83, 0;
    %flag_set/imm 4, 0;
    %store/vec4a v000001924c380860, 4, 0;
    %pushi/vec4 65165, 0, 16;
    %ix/load 4, 84, 0;
    %flag_set/imm 4, 0;
    %store/vec4a v000001924c380860, 4, 0;
    %pushi/vec4 65187, 0, 16;
    %ix/load 4, 85, 0;
    %flag_set/imm 4, 0;
    %store/vec4a v000001924c380860, 4, 0;
    %pushi/vec4 65208, 0, 16;
    %ix/load 4, 86, 0;
    %flag_set/imm 4, 0;
    %store/vec4a v000001924c380860, 4, 0;
    %pushi/vec4 65229, 0, 16;
    %ix/load 4, 87, 0;
    %flag_set/imm 4, 0;
    %store/vec4a v000001924c380860, 4, 0;
    %pushi/vec4 65249, 0, 16;
    %ix/load 4, 88, 0;
    %flag_set/imm 4, 0;
    %store/vec4a v000001924c380860, 4, 0;
    %pushi/vec4 65270, 0, 16;
    %ix/load 4, 89, 0;
    %flag_set/imm 4, 0;
    %store/vec4a v000001924c380860, 4, 0;
    %pushi/vec4 65290, 0, 16;
    %ix/load 4, 90, 0;
    %flag_set/imm 4, 0;
    %store/vec4a v000001924c380860, 4, 0;
    %pushi/vec4 65309, 0, 16;
    %ix/load 4, 91, 0;
    %flag_set/imm 4, 0;
    %store/vec4a v000001924c380860, 4, 0;
    %pushi/vec4 65328, 0, 16;
    %ix/load 4, 92, 0;
    %flag_set/imm 4, 0;
    %store/vec4a v000001924c380860, 4, 0;
    %pushi/vec4 65346, 0, 16;
    %ix/load 4, 93, 0;
    %flag_set/imm 4, 0;
    %store/vec4a v000001924c380860, 4, 0;
    %pushi/vec4 65363, 0, 16;
    %ix/load 4, 94, 0;
    %flag_set/imm 4, 0;
    %store/vec4a v000001924c380860, 4, 0;
    %pushi/vec4 65380, 0, 16;
    %ix/load 4, 95, 0;
    %flag_set/imm 4, 0;
    %store/vec4a v000001924c380860, 4, 0;
    %pushi/vec4 65396, 0, 16;
    %ix/load 4, 96, 0;
    %flag_set/imm 4, 0;
    %store/vec4a v000001924c380860, 4, 0;
    %pushi/vec4 65411, 0, 16;
    %ix/load 4, 97, 0;
    %flag_set/imm 4, 0;
    %store/vec4a v000001924c380860, 4, 0;
    %pushi/vec4 65425, 0, 16;
    %ix/load 4, 98, 0;
    %flag_set/imm 4, 0;
    %store/vec4a v000001924c380860, 4, 0;
    %pushi/vec4 65438, 0, 16;
    %ix/load 4, 99, 0;
    %flag_set/imm 4, 0;
    %store/vec4a v000001924c380860, 4, 0;
    %pushi/vec4 65451, 0, 16;
    %ix/load 4, 100, 0;
    %flag_set/imm 4, 0;
    %store/vec4a v000001924c380860, 4, 0;
    %pushi/vec4 65462, 0, 16;
    %ix/load 4, 101, 0;
    %flag_set/imm 4, 0;
    %store/vec4a v000001924c380860, 4, 0;
    %pushi/vec4 65473, 0, 16;
    %ix/load 4, 102, 0;
    %flag_set/imm 4, 0;
    %store/vec4a v000001924c380860, 4, 0;
    %pushi/vec4 65482, 0, 16;
    %ix/load 4, 103, 0;
    %flag_set/imm 4, 0;
    %store/vec4a v000001924c380860, 4, 0;
    %pushi/vec4 65491, 0, 16;
    %ix/load 4, 104, 0;
    %flag_set/imm 4, 0;
    %store/vec4a v000001924c380860, 4, 0;
    %pushi/vec4 65499, 0, 16;
    %ix/load 4, 105, 0;
    %flag_set/imm 4, 0;
    %store/vec4a v000001924c380860, 4, 0;
    %pushi/vec4 65506, 0, 16;
    %ix/load 4, 106, 0;
    %flag_set/imm 4, 0;
    %store/vec4a v000001924c380860, 4, 0;
    %pushi/vec4 65512, 0, 16;
    %ix/load 4, 107, 0;
    %flag_set/imm 4, 0;
    %store/vec4a v000001924c380860, 4, 0;
    %pushi/vec4 65518, 0, 16;
    %ix/load 4, 108, 0;
    %flag_set/imm 4, 0;
    %store/vec4a v000001924c380860, 4, 0;
    %pushi/vec4 65523, 0, 16;
    %ix/load 4, 109, 0;
    %flag_set/imm 4, 0;
    %store/vec4a v000001924c380860, 4, 0;
    %pushi/vec4 65527, 0, 16;
    %ix/load 4, 110, 0;
    %flag_set/imm 4, 0;
    %store/vec4a v000001924c380860, 4, 0;
    %pushi/vec4 65530, 0, 16;
    %ix/load 4, 111, 0;
    %flag_set/imm 4, 0;
    %store/vec4a v000001924c380860, 4, 0;
    %pushi/vec4 65533, 0, 16;
    %ix/load 4, 112, 0;
    %flag_set/imm 4, 0;
    %store/vec4a v000001924c380860, 4, 0;
    %pushi/vec4 0, 0, 16;
    %ix/load 4, 113, 0;
    %flag_set/imm 4, 0;
    %store/vec4a v000001924c380860, 4, 0;
    %pushi/vec4 2, 0, 16;
    %ix/load 4, 114, 0;
    %flag_set/imm 4, 0;
    %store/vec4a v000001924c380860, 4, 0;
    %pushi/vec4 4, 0, 16;
    %ix/load 4, 115, 0;
    %flag_set/imm 4, 0;
    %store/vec4a v000001924c380860, 4, 0;
    %pushi/vec4 5, 0, 16;
    %ix/load 4, 116, 0;
    %flag_set/imm 4, 0;
    %store/vec4a v000001924c380860, 4, 0;
    %pushi/vec4 6, 0, 16;
    %ix/load 4, 117, 0;
    %flag_set/imm 4, 0;
    %store/vec4a v000001924c380860, 4, 0;
    %pushi/vec4 7, 0, 16;
    %ix/load 4, 118, 0;
    %flag_set/imm 4, 0;
    %store/vec4a v000001924c380860, 4, 0;
    %pushi/vec4 7, 0, 16;
    %ix/load 4, 119, 0;
    %flag_set/imm 4, 0;
    %store/vec4a v000001924c380860, 4, 0;
    %pushi/vec4 8, 0, 16;
    %ix/load 4, 120, 0;
    %flag_set/imm 4, 0;
    %store/vec4a v000001924c380860, 4, 0;
    %pushi/vec4 8, 0, 16;
    %ix/load 4, 121, 0;
    %flag_set/imm 4, 0;
    %store/vec4a v000001924c380860, 4, 0;
    %pushi/vec4 8, 0, 16;
    %ix/load 4, 122, 0;
    %flag_set/imm 4, 0;
    %store/vec4a v000001924c380860, 4, 0;
    %pushi/vec4 9, 0, 16;
    %ix/load 4, 123, 0;
    %flag_set/imm 4, 0;
    %store/vec4a v000001924c380860, 4, 0;
    %pushi/vec4 9, 0, 16;
    %ix/load 4, 124, 0;
    %flag_set/imm 4, 0;
    %store/vec4a v000001924c380860, 4, 0;
    %pushi/vec4 9, 0, 16;
    %ix/load 4, 125, 0;
    %flag_set/imm 4, 0;
    %store/vec4a v000001924c380860, 4, 0;
    %pushi/vec4 10, 0, 16;
    %ix/load 4, 126, 0;
    %flag_set/imm 4, 0;
    %store/vec4a v000001924c380860, 4, 0;
    %end;
    .thread T_2;
    .scope S_000001924bf9a060;
T_3 ;
    %wait E_000001924bfaffe0;
    %load/vec4 v000001924c380900_0;
    %nor/r;
    %flag_set/vec4 8;
    %jmp/0xz  T_3.0, 8;
    %pushi/vec4 0, 0, 16;
    %assign/vec4 v000001924c380360_0, 0;
    %pushi/vec4 0, 0, 32;
    %store/vec4 v000001924c380d60_0, 0, 32;
T_3.2 ;
    %load/vec4 v000001924c380d60_0;
    %cmpi/s 127, 0, 32;
    %jmp/0xz T_3.3, 5;
    %pushi/vec4 0, 0, 16;
    %ix/getv/s 3, v000001924c380d60_0;
    %ix/load 4, 0, 0; Constant delay
    %assign/vec4/a/d v000001924c3804a0, 0, 4;
    %load/vec4 v000001924c380d60_0;
    %addi 1, 0, 32;
    %store/vec4 v000001924c380d60_0, 0, 32;
    %jmp T_3.2;
T_3.3 ;
    %jmp T_3.1;
T_3.0 ;
    %load/vec4 v000001924bf9a1f0_0;
    %flag_set/vec4 8;
    %jmp/0xz  T_3.4, 8;
    %pushi/vec4 126, 0, 32;
    %store/vec4 v000001924c380d60_0, 0, 32;
T_3.6 ;
    %load/vec4 v000001924c380d60_0;
    %cmpi/s 0, 0, 32;
    %flag_or 5, 4; GT is !LE
    %flag_inv 5;
    %jmp/0xz T_3.7, 5;
    %load/vec4 v000001924c380d60_0;
    %subi 1, 0, 32;
    %ix/vec4/s 4;
    %load/vec4a v000001924c3804a0, 4;
    %ix/getv/s 3, v000001924c380d60_0;
    %ix/load 4, 0, 0; Constant delay
    %assign/vec4/a/d v000001924c3804a0, 0, 4;
    %load/vec4 v000001924c380d60_0;
    %subi 1, 0, 32;
    %store/vec4 v000001924c380d60_0, 0, 32;
    %jmp T_3.6;
T_3.7 ;
    %load/vec4 v000001924c380fe0_0;
    %ix/load 3, 0, 0;
    %flag_set/imm 4, 0;
    %ix/load 4, 0, 0; Constant delay
    %assign/vec4/a/d v000001924c3804a0, 0, 4;
    %pushi/vec4 0, 0, 32;
    %store/vec4 v000001924bfc41a0_0, 0, 32;
    %pushi/vec4 0, 0, 32;
    %store/vec4 v000001924c380d60_0, 0, 32;
T_3.8 ;
    %load/vec4 v000001924c380d60_0;
    %cmpi/s 127, 0, 32;
    %jmp/0xz T_3.9, 5;
    %ix/getv/s 4, v000001924c380d60_0;
    %load/vec4a v000001924c3804a0, 4;
    %pad/s 32;
    %ix/getv/s 4, v000001924c380d60_0;
    %load/vec4a v000001924c380860, 4;
    %pad/s 32;
    %mul;
    %store/vec4 v000001924c380720_0, 0, 32;
    %load/vec4 v000001924bfc41a0_0;
    %load/vec4 v000001924c380720_0;
    %add;
    %store/vec4 v000001924bfc41a0_0, 0, 32;
    %load/vec4 v000001924c380d60_0;
    %addi 1, 0, 32;
    %store/vec4 v000001924c380d60_0, 0, 32;
    %jmp T_3.8;
T_3.9 ;
    %load/vec4 v000001924bfc41a0_0;
    %ix/load 4, 15, 0;
    %flag_set/imm 4, 0;
    %shiftr/s 4;
    %store/vec4 v000001924c380220_0, 0, 32;
    %load/vec4 v000001924c380220_0;
    %cmpi/s 32767, 0, 32;
    %flag_or 5, 4; GT is !LE
    %flag_inv 5;
    %jmp/0xz  T_3.10, 5;
    %pushi/vec4 32767, 0, 16;
    %assign/vec4 v000001924c380360_0, 0;
    %jmp T_3.11;
T_3.10 ;
    %load/vec4 v000001924c380220_0;
    %cmpi/s 4294934528, 0, 32;
    %jmp/0xz  T_3.12, 5;
    %pushi/vec4 32768, 0, 16;
    %assign/vec4 v000001924c380360_0, 0;
    %jmp T_3.13;
T_3.12 ;
    %load/vec4 v000001924c380220_0;
    %parti/s 16, 0, 2;
    %assign/vec4 v000001924c380360_0, 0;
T_3.13 ;
T_3.11 ;
T_3.4 ;
T_3.1 ;
    %jmp T_3;
    .thread T_3;
    .scope S_000001924bf97860;
T_4 ;
    %pushi/vec4 65533, 0, 16;
    %ix/load 4, 0, 0;
    %flag_set/imm 4, 0;
    %store/vec4a v000001924c380540, 4, 0;
    %pushi/vec4 10, 0, 16;
    %ix/load 4, 1, 0;
    %flag_set/imm 4, 0;
    %store/vec4a v000001924c380540, 4, 0;
    %pushi/vec4 24, 0, 16;
    %ix/load 4, 2, 0;
    %flag_set/imm 4, 0;
    %store/vec4a v000001924c380540, 4, 0;
    %pushi/vec4 36, 0, 16;
    %ix/load 4, 3, 0;
    %flag_set/imm 4, 0;
    %store/vec4a v000001924c380540, 4, 0;
    %pushi/vec4 42, 0, 16;
    %ix/load 4, 4, 0;
    %flag_set/imm 4, 0;
    %store/vec4a v000001924c380540, 4, 0;
    %pushi/vec4 37, 0, 16;
    %ix/load 4, 5, 0;
    %flag_set/imm 4, 0;
    %store/vec4a v000001924c380540, 4, 0;
    %pushi/vec4 16, 0, 16;
    %ix/load 4, 6, 0;
    %flag_set/imm 4, 0;
    %store/vec4a v000001924c380540, 4, 0;
    %pushi/vec4 65516, 0, 16;
    %ix/load 4, 7, 0;
    %flag_set/imm 4, 0;
    %store/vec4a v000001924c380540, 4, 0;
    %pushi/vec4 65470, 0, 16;
    %ix/load 4, 8, 0;
    %flag_set/imm 4, 0;
    %store/vec4a v000001924c380540, 4, 0;
    %pushi/vec4 65425, 0, 16;
    %ix/load 4, 9, 0;
    %flag_set/imm 4, 0;
    %store/vec4a v000001924c380540, 4, 0;
    %pushi/vec4 65398, 0, 16;
    %ix/load 4, 10, 0;
    %flag_set/imm 4, 0;
    %store/vec4a v000001924c380540, 4, 0;
    %pushi/vec4 65407, 0, 16;
    %ix/load 4, 11, 0;
    %flag_set/imm 4, 0;
    %store/vec4a v000001924c380540, 4, 0;
    %pushi/vec4 65463, 0, 16;
    %ix/load 4, 12, 0;
    %flag_set/imm 4, 0;
    %store/vec4a v000001924c380540, 4, 0;
    %pushi/vec4 29, 0, 16;
    %ix/load 4, 13, 0;
    %flag_set/imm 4, 0;
    %store/vec4a v000001924c380540, 4, 0;
    %pushi/vec4 161, 0, 16;
    %ix/load 4, 14, 0;
    %flag_set/imm 4, 0;
    %store/vec4a v000001924c380540, 4, 0;
    %pushi/vec4 289, 0, 16;
    %ix/load 4, 15, 0;
    %flag_set/imm 4, 0;
    %store/vec4a v000001924c380540, 4, 0;
    %pushi/vec4 370, 0, 16;
    %ix/load 4, 16, 0;
    %flag_set/imm 4, 0;
    %store/vec4a v000001924c380540, 4, 0;
    %pushi/vec4 362, 0, 16;
    %ix/load 4, 17, 0;
    %flag_set/imm 4, 0;
    %store/vec4a v000001924c380540, 4, 0;
    %pushi/vec4 239, 0, 16;
    %ix/load 4, 18, 0;
    %flag_set/imm 4, 0;
    %store/vec4a v000001924c380540, 4, 0;
    %pushi/vec4 0, 0, 16;
    %ix/load 4, 19, 0;
    %flag_set/imm 4, 0;
    %store/vec4a v000001924c380540, 4, 0;
    %pushi/vec4 65218, 0, 16;
    %ix/load 4, 20, 0;
    %flag_set/imm 4, 0;
    %store/vec4a v000001924c380540, 4, 0;
    %pushi/vec4 64892, 0, 16;
    %ix/load 4, 21, 0;
    %flag_set/imm 4, 0;
    %store/vec4a v000001924c380540, 4, 0;
    %pushi/vec4 64652, 0, 16;
    %ix/load 4, 22, 0;
    %flag_set/imm 4, 0;
    %store/vec4a v000001924c380540, 4, 0;
    %pushi/vec4 64601, 0, 16;
    %ix/load 4, 23, 0;
    %flag_set/imm 4, 0;
    %store/vec4a v000001924c380540, 4, 0;
    %pushi/vec4 64821, 0, 16;
    %ix/load 4, 24, 0;
    %flag_set/imm 4, 0;
    %store/vec4a v000001924c380540, 4, 0;
    %pushi/vec4 65354, 0, 16;
    %ix/load 4, 25, 0;
    %flag_set/imm 4, 0;
    %store/vec4a v000001924c380540, 4, 0;
    %pushi/vec4 650, 0, 16;
    %ix/load 4, 26, 0;
    %flag_set/imm 4, 0;
    %store/vec4a v000001924c380540, 4, 0;
    %pushi/vec4 1701, 0, 16;
    %ix/load 4, 27, 0;
    %flag_set/imm 4, 0;
    %store/vec4a v000001924c380540, 4, 0;
    %pushi/vec4 2840, 0, 16;
    %ix/load 4, 28, 0;
    %flag_set/imm 4, 0;
    %store/vec4a v000001924c380540, 4, 0;
    %pushi/vec4 3903, 0, 16;
    %ix/load 4, 29, 0;
    %flag_set/imm 4, 0;
    %store/vec4a v000001924c380540, 4, 0;
    %pushi/vec4 4725, 0, 16;
    %ix/load 4, 30, 0;
    %flag_set/imm 4, 0;
    %store/vec4a v000001924c380540, 4, 0;
    %pushi/vec4 5173, 0, 16;
    %ix/load 4, 31, 0;
    %flag_set/imm 4, 0;
    %store/vec4a v000001924c380540, 4, 0;
    %pushi/vec4 5173, 0, 16;
    %ix/load 4, 32, 0;
    %flag_set/imm 4, 0;
    %store/vec4a v000001924c380540, 4, 0;
    %pushi/vec4 4725, 0, 16;
    %ix/load 4, 33, 0;
    %flag_set/imm 4, 0;
    %store/vec4a v000001924c380540, 4, 0;
    %pushi/vec4 3903, 0, 16;
    %ix/load 4, 34, 0;
    %flag_set/imm 4, 0;
    %store/vec4a v000001924c380540, 4, 0;
    %pushi/vec4 2840, 0, 16;
    %ix/load 4, 35, 0;
    %flag_set/imm 4, 0;
    %store/vec4a v000001924c380540, 4, 0;
    %pushi/vec4 1701, 0, 16;
    %ix/load 4, 36, 0;
    %flag_set/imm 4, 0;
    %store/vec4a v000001924c380540, 4, 0;
    %pushi/vec4 650, 0, 16;
    %ix/load 4, 37, 0;
    %flag_set/imm 4, 0;
    %store/vec4a v000001924c380540, 4, 0;
    %pushi/vec4 65354, 0, 16;
    %ix/load 4, 38, 0;
    %flag_set/imm 4, 0;
    %store/vec4a v000001924c380540, 4, 0;
    %pushi/vec4 64821, 0, 16;
    %ix/load 4, 39, 0;
    %flag_set/imm 4, 0;
    %store/vec4a v000001924c380540, 4, 0;
    %pushi/vec4 64601, 0, 16;
    %ix/load 4, 40, 0;
    %flag_set/imm 4, 0;
    %store/vec4a v000001924c380540, 4, 0;
    %pushi/vec4 64652, 0, 16;
    %ix/load 4, 41, 0;
    %flag_set/imm 4, 0;
    %store/vec4a v000001924c380540, 4, 0;
    %pushi/vec4 64892, 0, 16;
    %ix/load 4, 42, 0;
    %flag_set/imm 4, 0;
    %store/vec4a v000001924c380540, 4, 0;
    %pushi/vec4 65218, 0, 16;
    %ix/load 4, 43, 0;
    %flag_set/imm 4, 0;
    %store/vec4a v000001924c380540, 4, 0;
    %pushi/vec4 0, 0, 16;
    %ix/load 4, 44, 0;
    %flag_set/imm 4, 0;
    %store/vec4a v000001924c380540, 4, 0;
    %pushi/vec4 239, 0, 16;
    %ix/load 4, 45, 0;
    %flag_set/imm 4, 0;
    %store/vec4a v000001924c380540, 4, 0;
    %pushi/vec4 362, 0, 16;
    %ix/load 4, 46, 0;
    %flag_set/imm 4, 0;
    %store/vec4a v000001924c380540, 4, 0;
    %pushi/vec4 370, 0, 16;
    %ix/load 4, 47, 0;
    %flag_set/imm 4, 0;
    %store/vec4a v000001924c380540, 4, 0;
    %pushi/vec4 289, 0, 16;
    %ix/load 4, 48, 0;
    %flag_set/imm 4, 0;
    %store/vec4a v000001924c380540, 4, 0;
    %pushi/vec4 161, 0, 16;
    %ix/load 4, 49, 0;
    %flag_set/imm 4, 0;
    %store/vec4a v000001924c380540, 4, 0;
    %pushi/vec4 29, 0, 16;
    %ix/load 4, 50, 0;
    %flag_set/imm 4, 0;
    %store/vec4a v000001924c380540, 4, 0;
    %pushi/vec4 65463, 0, 16;
    %ix/load 4, 51, 0;
    %flag_set/imm 4, 0;
    %store/vec4a v000001924c380540, 4, 0;
    %pushi/vec4 65407, 0, 16;
    %ix/load 4, 52, 0;
    %flag_set/imm 4, 0;
    %store/vec4a v000001924c380540, 4, 0;
    %pushi/vec4 65398, 0, 16;
    %ix/load 4, 53, 0;
    %flag_set/imm 4, 0;
    %store/vec4a v000001924c380540, 4, 0;
    %pushi/vec4 65425, 0, 16;
    %ix/load 4, 54, 0;
    %flag_set/imm 4, 0;
    %store/vec4a v000001924c380540, 4, 0;
    %pushi/vec4 65470, 0, 16;
    %ix/load 4, 55, 0;
    %flag_set/imm 4, 0;
    %store/vec4a v000001924c380540, 4, 0;
    %pushi/vec4 65516, 0, 16;
    %ix/load 4, 56, 0;
    %flag_set/imm 4, 0;
    %store/vec4a v000001924c380540, 4, 0;
    %pushi/vec4 16, 0, 16;
    %ix/load 4, 57, 0;
    %flag_set/imm 4, 0;
    %store/vec4a v000001924c380540, 4, 0;
    %pushi/vec4 37, 0, 16;
    %ix/load 4, 58, 0;
    %flag_set/imm 4, 0;
    %store/vec4a v000001924c380540, 4, 0;
    %pushi/vec4 42, 0, 16;
    %ix/load 4, 59, 0;
    %flag_set/imm 4, 0;
    %store/vec4a v000001924c380540, 4, 0;
    %pushi/vec4 36, 0, 16;
    %ix/load 4, 60, 0;
    %flag_set/imm 4, 0;
    %store/vec4a v000001924c380540, 4, 0;
    %pushi/vec4 24, 0, 16;
    %ix/load 4, 61, 0;
    %flag_set/imm 4, 0;
    %store/vec4a v000001924c380540, 4, 0;
    %pushi/vec4 10, 0, 16;
    %ix/load 4, 62, 0;
    %flag_set/imm 4, 0;
    %store/vec4a v000001924c380540, 4, 0;
    %pushi/vec4 65533, 0, 16;
    %ix/load 4, 63, 0;
    %flag_set/imm 4, 0;
    %store/vec4a v000001924c380540, 4, 0;
    %end;
    .thread T_4;
    .scope S_000001924bf97860;
T_5 ;
    %wait E_000001924bfaffe0;
    %load/vec4 v000001924c3805e0_0;
    %nor/r;
    %flag_set/vec4 8;
    %jmp/0xz  T_5.0, 8;
    %pushi/vec4 0, 0, 16;
    %assign/vec4 v000001924c380a40_0, 0;
    %pushi/vec4 0, 0, 32;
    %store/vec4 v000001924c380b80_0, 0, 32;
T_5.2 ;
    %load/vec4 v000001924c380b80_0;
    %cmpi/s 64, 0, 32;
    %jmp/0xz T_5.3, 5;
    %pushi/vec4 0, 0, 16;
    %ix/getv/s 3, v000001924c380b80_0;
    %ix/load 4, 0, 0; Constant delay
    %assign/vec4/a/d v000001924c3800e0, 0, 4;
    %load/vec4 v000001924c380b80_0;
    %addi 1, 0, 32;
    %store/vec4 v000001924c380b80_0, 0, 32;
    %jmp T_5.2;
T_5.3 ;
    %jmp T_5.1;
T_5.0 ;
    %load/vec4 v000001924c380400_0;
    %flag_set/vec4 8;
    %jmp/0xz  T_5.4, 8;
    %pushi/vec4 63, 0, 32;
    %store/vec4 v000001924c380b80_0, 0, 32;
T_5.6 ;
    %load/vec4 v000001924c380b80_0;
    %cmpi/s 0, 0, 32;
    %flag_or 5, 4; GT is !LE
    %flag_inv 5;
    %jmp/0xz T_5.7, 5;
    %load/vec4 v000001924c380b80_0;
    %subi 1, 0, 32;
    %ix/vec4/s 4;
    %load/vec4a v000001924c3800e0, 4;
    %ix/getv/s 3, v000001924c380b80_0;
    %ix/load 4, 0, 0; Constant delay
    %assign/vec4/a/d v000001924c3800e0, 0, 4;
    %load/vec4 v000001924c380b80_0;
    %subi 1, 0, 32;
    %store/vec4 v000001924c380b80_0, 0, 32;
    %jmp T_5.6;
T_5.7 ;
    %load/vec4 v000001924c380e00_0;
    %ix/load 3, 0, 0;
    %flag_set/imm 4, 0;
    %ix/load 4, 0, 0; Constant delay
    %assign/vec4/a/d v000001924c3800e0, 0, 4;
    %pushi/vec4 0, 0, 32;
    %store/vec4 v000001924c380ae0_0, 0, 32;
    %pushi/vec4 0, 0, 32;
    %store/vec4 v000001924c380b80_0, 0, 32;
T_5.8 ;
    %load/vec4 v000001924c380b80_0;
    %cmpi/s 64, 0, 32;
    %jmp/0xz T_5.9, 5;
    %ix/getv/s 4, v000001924c380b80_0;
    %load/vec4a v000001924c3800e0, 4;
    %pad/s 32;
    %ix/getv/s 4, v000001924c380b80_0;
    %load/vec4a v000001924c380540, 4;
    %pad/s 32;
    %mul;
    %store/vec4 v000001924c380f40_0, 0, 32;
    %load/vec4 v000001924c380ae0_0;
    %load/vec4 v000001924c380f40_0;
    %add;
    %store/vec4 v000001924c380ae0_0, 0, 32;
    %load/vec4 v000001924c380b80_0;
    %addi 1, 0, 32;
    %store/vec4 v000001924c380b80_0, 0, 32;
    %jmp T_5.8;
T_5.9 ;
    %load/vec4 v000001924c380ae0_0;
    %ix/load 4, 15, 0;
    %flag_set/imm 4, 0;
    %shiftr/s 4;
    %store/vec4 v000001924c380ea0_0, 0, 32;
    %load/vec4 v000001924c380ea0_0;
    %cmpi/s 32767, 0, 32;
    %flag_or 5, 4; GT is !LE
    %flag_inv 5;
    %jmp/0xz  T_5.10, 5;
    %pushi/vec4 32767, 0, 16;
    %assign/vec4 v000001924c380a40_0, 0;
    %jmp T_5.11;
T_5.10 ;
    %load/vec4 v000001924c380ea0_0;
    %cmpi/s 4294934528, 0, 32;
    %jmp/0xz  T_5.12, 5;
    %pushi/vec4 32768, 0, 16;
    %assign/vec4 v000001924c380a40_0, 0;
    %jmp T_5.13;
T_5.12 ;
    %load/vec4 v000001924c380ea0_0;
    %parti/s 16, 0, 2;
    %assign/vec4 v000001924c380a40_0, 0;
T_5.13 ;
T_5.11 ;
T_5.4 ;
T_5.1 ;
    %jmp T_5;
    .thread T_5;
    .scope S_000001924bf979f0;
T_6 ;
    %pushi/vec4 65530, 0, 16;
    %ix/load 4, 0, 0;
    %flag_set/imm 4, 0;
    %store/vec4a v000001924c380cc0, 4, 0;
    %pushi/vec4 2, 0, 16;
    %ix/load 4, 1, 0;
    %flag_set/imm 4, 0;
    %store/vec4a v000001924c380cc0, 4, 0;
    %pushi/vec4 9, 0, 16;
    %ix/load 4, 2, 0;
    %flag_set/imm 4, 0;
    %store/vec4a v000001924c380cc0, 4, 0;
    %pushi/vec4 13, 0, 16;
    %ix/load 4, 3, 0;
    %flag_set/imm 4, 0;
    %store/vec4a v000001924c380cc0, 4, 0;
    %pushi/vec4 10, 0, 16;
    %ix/load 4, 4, 0;
    %flag_set/imm 4, 0;
    %store/vec4a v000001924c380cc0, 4, 0;
    %pushi/vec4 65535, 0, 16;
    %ix/load 4, 5, 0;
    %flag_set/imm 4, 0;
    %store/vec4a v000001924c380cc0, 4, 0;
    %pushi/vec4 65521, 0, 16;
    %ix/load 4, 6, 0;
    %flag_set/imm 4, 0;
    %store/vec4a v000001924c380cc0, 4, 0;
    %pushi/vec4 65512, 0, 16;
    %ix/load 4, 7, 0;
    %flag_set/imm 4, 0;
    %store/vec4a v000001924c380cc0, 4, 0;
    %pushi/vec4 65516, 0, 16;
    %ix/load 4, 8, 0;
    %flag_set/imm 4, 0;
    %store/vec4a v000001924c380cc0, 4, 0;
    %pushi/vec4 65534, 0, 16;
    %ix/load 4, 9, 0;
    %flag_set/imm 4, 0;
    %store/vec4a v000001924c380cc0, 4, 0;
    %pushi/vec4 24, 0, 16;
    %ix/load 4, 10, 0;
    %flag_set/imm 4, 0;
    %store/vec4a v000001924c380cc0, 4, 0;
    %pushi/vec4 42, 0, 16;
    %ix/load 4, 11, 0;
    %flag_set/imm 4, 0;
    %store/vec4a v000001924c380cc0, 4, 0;
    %pushi/vec4 38, 0, 16;
    %ix/load 4, 12, 0;
    %flag_set/imm 4, 0;
    %store/vec4a v000001924c380cc0, 4, 0;
    %pushi/vec4 10, 0, 16;
    %ix/load 4, 13, 0;
    %flag_set/imm 4, 0;
    %store/vec4a v000001924c380cc0, 4, 0;
    %pushi/vec4 65504, 0, 16;
    %ix/load 4, 14, 0;
    %flag_set/imm 4, 0;
    %store/vec4a v000001924c380cc0, 4, 0;
    %pushi/vec4 65473, 0, 16;
    %ix/load 4, 15, 0;
    %flag_set/imm 4, 0;
    %store/vec4a v000001924c380cc0, 4, 0;
    %pushi/vec4 65474, 0, 16;
    %ix/load 4, 16, 0;
    %flag_set/imm 4, 0;
    %store/vec4a v000001924c380cc0, 4, 0;
    %pushi/vec4 65512, 0, 16;
    %ix/load 4, 17, 0;
    %flag_set/imm 4, 0;
    %store/vec4a v000001924c380cc0, 4, 0;
    %pushi/vec4 35, 0, 16;
    %ix/load 4, 18, 0;
    %flag_set/imm 4, 0;
    %store/vec4a v000001924c380cc0, 4, 0;
    %pushi/vec4 82, 0, 16;
    %ix/load 4, 19, 0;
    %flag_set/imm 4, 0;
    %store/vec4a v000001924c380cc0, 4, 0;
    %pushi/vec4 87, 0, 16;
    %ix/load 4, 20, 0;
    %flag_set/imm 4, 0;
    %store/vec4a v000001924c380cc0, 4, 0;
    %pushi/vec4 42, 0, 16;
    %ix/load 4, 21, 0;
    %flag_set/imm 4, 0;
    %store/vec4a v000001924c380cc0, 4, 0;
    %pushi/vec4 65504, 0, 16;
    %ix/load 4, 22, 0;
    %flag_set/imm 4, 0;
    %store/vec4a v000001924c380cc0, 4, 0;
    %pushi/vec4 65441, 0, 16;
    %ix/load 4, 23, 0;
    %flag_set/imm 4, 0;
    %store/vec4a v000001924c380cc0, 4, 0;
    %pushi/vec4 65426, 0, 16;
    %ix/load 4, 24, 0;
    %flag_set/imm 4, 0;
    %store/vec4a v000001924c380cc0, 4, 0;
    %pushi/vec4 65473, 0, 16;
    %ix/load 4, 25, 0;
    %flag_set/imm 4, 0;
    %store/vec4a v000001924c380cc0, 4, 0;
    %pushi/vec4 23, 0, 16;
    %ix/load 4, 26, 0;
    %flag_set/imm 4, 0;
    %store/vec4a v000001924c380cc0, 4, 0;
    %pushi/vec4 100, 0, 16;
    %ix/load 4, 27, 0;
    %flag_set/imm 4, 0;
    %store/vec4a v000001924c380cc0, 4, 0;
    %pushi/vec4 125, 0, 16;
    %ix/load 4, 28, 0;
    %flag_set/imm 4, 0;
    %store/vec4a v000001924c380cc0, 4, 0;
    %pushi/vec4 82, 0, 16;
    %ix/load 4, 29, 0;
    %flag_set/imm 4, 0;
    %store/vec4a v000001924c380cc0, 4, 0;
    %pushi/vec4 65528, 0, 16;
    %ix/load 4, 30, 0;
    %flag_set/imm 4, 0;
    %store/vec4a v000001924c380cc0, 4, 0;
    %pushi/vec4 65441, 0, 16;
    %ix/load 4, 31, 0;
    %flag_set/imm 4, 0;
    %store/vec4a v000001924c380cc0, 4, 0;
    %pushi/vec4 32623, 0, 16;
    %ix/load 4, 32, 0;
    %flag_set/imm 4, 0;
    %store/vec4a v000001924c380cc0, 4, 0;
    %pushi/vec4 65441, 0, 16;
    %ix/load 4, 33, 0;
    %flag_set/imm 4, 0;
    %store/vec4a v000001924c380cc0, 4, 0;
    %pushi/vec4 65528, 0, 16;
    %ix/load 4, 34, 0;
    %flag_set/imm 4, 0;
    %store/vec4a v000001924c380cc0, 4, 0;
    %pushi/vec4 82, 0, 16;
    %ix/load 4, 35, 0;
    %flag_set/imm 4, 0;
    %store/vec4a v000001924c380cc0, 4, 0;
    %pushi/vec4 125, 0, 16;
    %ix/load 4, 36, 0;
    %flag_set/imm 4, 0;
    %store/vec4a v000001924c380cc0, 4, 0;
    %pushi/vec4 100, 0, 16;
    %ix/load 4, 37, 0;
    %flag_set/imm 4, 0;
    %store/vec4a v000001924c380cc0, 4, 0;
    %pushi/vec4 23, 0, 16;
    %ix/load 4, 38, 0;
    %flag_set/imm 4, 0;
    %store/vec4a v000001924c380cc0, 4, 0;
    %pushi/vec4 65473, 0, 16;
    %ix/load 4, 39, 0;
    %flag_set/imm 4, 0;
    %store/vec4a v000001924c380cc0, 4, 0;
    %pushi/vec4 65426, 0, 16;
    %ix/load 4, 40, 0;
    %flag_set/imm 4, 0;
    %store/vec4a v000001924c380cc0, 4, 0;
    %pushi/vec4 65441, 0, 16;
    %ix/load 4, 41, 0;
    %flag_set/imm 4, 0;
    %store/vec4a v000001924c380cc0, 4, 0;
    %pushi/vec4 65504, 0, 16;
    %ix/load 4, 42, 0;
    %flag_set/imm 4, 0;
    %store/vec4a v000001924c380cc0, 4, 0;
    %pushi/vec4 42, 0, 16;
    %ix/load 4, 43, 0;
    %flag_set/imm 4, 0;
    %store/vec4a v000001924c380cc0, 4, 0;
    %pushi/vec4 87, 0, 16;
    %ix/load 4, 44, 0;
    %flag_set/imm 4, 0;
    %store/vec4a v000001924c380cc0, 4, 0;
    %pushi/vec4 82, 0, 16;
    %ix/load 4, 45, 0;
    %flag_set/imm 4, 0;
    %store/vec4a v000001924c380cc0, 4, 0;
    %pushi/vec4 35, 0, 16;
    %ix/load 4, 46, 0;
    %flag_set/imm 4, 0;
    %store/vec4a v000001924c380cc0, 4, 0;
    %pushi/vec4 65512, 0, 16;
    %ix/load 4, 47, 0;
    %flag_set/imm 4, 0;
    %store/vec4a v000001924c380cc0, 4, 0;
    %pushi/vec4 65474, 0, 16;
    %ix/load 4, 48, 0;
    %flag_set/imm 4, 0;
    %store/vec4a v000001924c380cc0, 4, 0;
    %pushi/vec4 65473, 0, 16;
    %ix/load 4, 49, 0;
    %flag_set/imm 4, 0;
    %store/vec4a v000001924c380cc0, 4, 0;
    %pushi/vec4 65504, 0, 16;
    %ix/load 4, 50, 0;
    %flag_set/imm 4, 0;
    %store/vec4a v000001924c380cc0, 4, 0;
    %pushi/vec4 10, 0, 16;
    %ix/load 4, 51, 0;
    %flag_set/imm 4, 0;
    %store/vec4a v000001924c380cc0, 4, 0;
    %pushi/vec4 38, 0, 16;
    %ix/load 4, 52, 0;
    %flag_set/imm 4, 0;
    %store/vec4a v000001924c380cc0, 4, 0;
    %pushi/vec4 42, 0, 16;
    %ix/load 4, 53, 0;
    %flag_set/imm 4, 0;
    %store/vec4a v000001924c380cc0, 4, 0;
    %pushi/vec4 24, 0, 16;
    %ix/load 4, 54, 0;
    %flag_set/imm 4, 0;
    %store/vec4a v000001924c380cc0, 4, 0;
    %pushi/vec4 65534, 0, 16;
    %ix/load 4, 55, 0;
    %flag_set/imm 4, 0;
    %store/vec4a v000001924c380cc0, 4, 0;
    %pushi/vec4 65516, 0, 16;
    %ix/load 4, 56, 0;
    %flag_set/imm 4, 0;
    %store/vec4a v000001924c380cc0, 4, 0;
    %pushi/vec4 65512, 0, 16;
    %ix/load 4, 57, 0;
    %flag_set/imm 4, 0;
    %store/vec4a v000001924c380cc0, 4, 0;
    %pushi/vec4 65521, 0, 16;
    %ix/load 4, 58, 0;
    %flag_set/imm 4, 0;
    %store/vec4a v000001924c380cc0, 4, 0;
    %pushi/vec4 65535, 0, 16;
    %ix/load 4, 59, 0;
    %flag_set/imm 4, 0;
    %store/vec4a v000001924c380cc0, 4, 0;
    %pushi/vec4 10, 0, 16;
    %ix/load 4, 60, 0;
    %flag_set/imm 4, 0;
    %store/vec4a v000001924c380cc0, 4, 0;
    %pushi/vec4 13, 0, 16;
    %ix/load 4, 61, 0;
    %flag_set/imm 4, 0;
    %store/vec4a v000001924c380cc0, 4, 0;
    %pushi/vec4 9, 0, 16;
    %ix/load 4, 62, 0;
    %flag_set/imm 4, 0;
    %store/vec4a v000001924c380cc0, 4, 0;
    %pushi/vec4 2, 0, 16;
    %ix/load 4, 63, 0;
    %flag_set/imm 4, 0;
    %store/vec4a v000001924c380cc0, 4, 0;
    %pushi/vec4 65530, 0, 16;
    %ix/load 4, 64, 0;
    %flag_set/imm 4, 0;
    %store/vec4a v000001924c380cc0, 4, 0;
    %end;
    .thread T_6;
    .scope S_000001924bf979f0;
T_7 ;
    %wait E_000001924bfaffe0;
    %load/vec4 v000001924bff2570_0;
    %nor/r;
    %flag_set/vec4 8;
    %jmp/0xz  T_7.0, 8;
    %pushi/vec4 0, 0, 16;
    %assign/vec4 v000001924c3807c0_0, 0;
    %pushi/vec4 0, 0, 32;
    %store/vec4 v000001924bff2930_0, 0, 32;
T_7.2 ;
    %load/vec4 v000001924bff2930_0;
    %cmpi/s 65, 0, 32;
    %jmp/0xz T_7.3, 5;
    %pushi/vec4 0, 0, 16;
    %ix/getv/s 3, v000001924bff2930_0;
    %ix/load 4, 0, 0; Constant delay
    %assign/vec4/a/d v000001924bff22f0, 0, 4;
    %load/vec4 v000001924bff2930_0;
    %addi 1, 0, 32;
    %store/vec4 v000001924bff2930_0, 0, 32;
    %jmp T_7.2;
T_7.3 ;
    %jmp T_7.1;
T_7.0 ;
    %load/vec4 v000001924c380680_0;
    %flag_set/vec4 8;
    %jmp/0xz  T_7.4, 8;
    %pushi/vec4 64, 0, 32;
    %store/vec4 v000001924bff2930_0, 0, 32;
T_7.6 ;
    %load/vec4 v000001924bff2930_0;
    %cmpi/s 0, 0, 32;
    %flag_or 5, 4; GT is !LE
    %flag_inv 5;
    %jmp/0xz T_7.7, 5;
    %load/vec4 v000001924bff2930_0;
    %subi 1, 0, 32;
    %ix/vec4/s 4;
    %load/vec4a v000001924bff22f0, 4;
    %ix/getv/s 3, v000001924bff2930_0;
    %ix/load 4, 0, 0; Constant delay
    %assign/vec4/a/d v000001924bff22f0, 0, 4;
    %load/vec4 v000001924bff2930_0;
    %subi 1, 0, 32;
    %store/vec4 v000001924bff2930_0, 0, 32;
    %jmp T_7.6;
T_7.7 ;
    %load/vec4 v000001924c380c20_0;
    %ix/load 3, 0, 0;
    %flag_set/imm 4, 0;
    %ix/load 4, 0, 0; Constant delay
    %assign/vec4/a/d v000001924bff22f0, 0, 4;
    %pushi/vec4 0, 0, 32;
    %store/vec4 v000001924c380180_0, 0, 32;
    %pushi/vec4 0, 0, 32;
    %store/vec4 v000001924bff2930_0, 0, 32;
T_7.8 ;
    %load/vec4 v000001924bff2930_0;
    %cmpi/s 65, 0, 32;
    %jmp/0xz T_7.9, 5;
    %ix/getv/s 4, v000001924bff2930_0;
    %load/vec4a v000001924bff22f0, 4;
    %pad/s 32;
    %ix/getv/s 4, v000001924bff2930_0;
    %load/vec4a v000001924c380cc0, 4;
    %pad/s 32;
    %mul;
    %store/vec4 v000001924bff29d0_0, 0, 32;
    %load/vec4 v000001924c380180_0;
    %load/vec4 v000001924bff29d0_0;
    %add;
    %store/vec4 v000001924c380180_0, 0, 32;
    %load/vec4 v000001924bff2930_0;
    %addi 1, 0, 32;
    %store/vec4 v000001924bff2930_0, 0, 32;
    %jmp T_7.8;
T_7.9 ;
    %load/vec4 v000001924c380180_0;
    %ix/load 4, 15, 0;
    %flag_set/imm 4, 0;
    %shiftr/s 4;
    %store/vec4 v000001924bff27f0_0, 0, 32;
    %load/vec4 v000001924bff27f0_0;
    %cmpi/s 32767, 0, 32;
    %flag_or 5, 4; GT is !LE
    %flag_inv 5;
    %jmp/0xz  T_7.10, 5;
    %pushi/vec4 32767, 0, 16;
    %assign/vec4 v000001924c3807c0_0, 0;
    %jmp T_7.11;
T_7.10 ;
    %load/vec4 v000001924bff27f0_0;
    %cmpi/s 4294934528, 0, 32;
    %jmp/0xz  T_7.12, 5;
    %pushi/vec4 32768, 0, 16;
    %assign/vec4 v000001924c3807c0_0, 0;
    %jmp T_7.13;
T_7.12 ;
    %load/vec4 v000001924bff27f0_0;
    %parti/s 16, 0, 2;
    %assign/vec4 v000001924c3807c0_0, 0;
T_7.13 ;
T_7.11 ;
T_7.4 ;
T_7.1 ;
    %jmp T_7;
    .thread T_7;
    .scope S_000001924c00dad0;
T_8 ;
    %wait E_000001924bfaffe0;
    %load/vec4 v000001924bff2f70_0;
    %nor/r;
    %flag_set/vec4 8;
    %jmp/0xz  T_8.0, 8;
    %pushi/vec4 0, 0, 32;
    %assign/vec4 v000001924bff2cf0_0, 0;
    %pushi/vec4 0, 0, 32;
    %assign/vec4 v000001924bff1c10_0, 0;
    %pushi/vec4 0, 0, 32;
    %assign/vec4 v000001924bff1fd0_0, 0;
    %pushi/vec4 0, 0, 1;
    %assign/vec4 v000001924bff1ad0_0, 0;
    %pushi/vec4 0, 0, 32;
    %assign/vec4 v000001924bff1cb0_0, 0;
    %jmp T_8.1;
T_8.0 ;
    %load/vec4 v000001924bff2cf0_0;
    %addi 1, 0, 32;
    %assign/vec4 v000001924bff2cf0_0, 0;
    %pushi/vec4 0, 0, 1;
    %assign/vec4 v000001924bff1ad0_0, 0;
    %load/vec4 v000001924bff1cb0_0;
    %cmpi/u 0, 0, 32;
    %flag_or 5, 4; GT is !LE
    %flag_inv 5;
    %jmp/0xz  T_8.2, 5;
    %load/vec4 v000001924bff1cb0_0;
    %subi 1, 0, 32;
    %assign/vec4 v000001924bff1cb0_0, 0;
    %jmp T_8.3;
T_8.2 ;
    %load/vec4 v000001924bff1a30_0;
    %cmpi/u 130000000, 0, 32;
    %flag_or 5, 4; GT is !LE
    %flag_inv 5;
    %flag_get/vec4 5;
    %jmp/0 T_8.6, 5;
    %load/vec4 v000001924bff1cb0_0;
    %pushi/vec4 0, 0, 32;
    %cmp/e;
    %flag_get/vec4 4;
    %and;
T_8.6;
    %flag_set/vec4 8;
    %jmp/0xz  T_8.4, 8;
    %pushi/vec4 1, 0, 1;
    %assign/vec4 v000001924bff1ad0_0, 0;
    %load/vec4 v000001924bff1c10_0;
    %cmpi/ne 0, 0, 32;
    %jmp/0xz  T_8.7, 4;
    %load/vec4 v000001924bff2cf0_0;
    %load/vec4 v000001924bff1c10_0;
    %sub;
    %assign/vec4 v000001924bff1fd0_0, 0;
T_8.7 ;
    %load/vec4 v000001924bff2cf0_0;
    %assign/vec4 v000001924bff1c10_0, 0;
    %pushi/vec4 125, 0, 32;
    %assign/vec4 v000001924bff1cb0_0, 0;
T_8.4 ;
T_8.3 ;
T_8.1 ;
    %jmp T_8;
    .thread T_8;
    .scope S_000001924bfcec10;
T_9 ;
    %pushi/vec4 0, 0, 1;
    %store/vec4 v000001924bff1710_0, 0, 1;
    %end;
    .thread T_9;
    .scope S_000001924bfcec10;
T_10 ;
    %delay 10, 0;
    %load/vec4 v000001924bff1710_0;
    %inv;
    %store/vec4 v000001924bff1710_0, 0, 1;
    %jmp T_10;
    .thread T_10;
    .scope S_000001924bfcec10;
T_11 ;
    %wait E_000001924bfafa20;
    %load/vec4 v000001924bff1d50_0;
    %cvt/rv;
    %pushi/real 1073741824, 4067; load=2.00000
    %mul/wr;
    %store/real v000001924bff2890_0;
    %jmp T_11;
    .thread T_11, $push;
    .scope S_000001924bfcec10;
T_12 ;
    %vpi_call 2 67 "$dumpfile", "wave_ECG_analysis.vcd" {0 0 0};
    %vpi_call 2 68 "$dumpvars", 32'sb00000000000000000000000000000000, S_000001924bfcec10 {0 0 0};
    %vpi_call 2 70 "$display", "\351\226\213\345\247\213\346\250\241\346\223\254..." {0 0 0};
    %pushi/vec4 1, 0, 1;
    %store/vec4 v000001924bff2750_0, 0, 1;
    %delay 1, 0;
    %pushi/vec4 0, 0, 1;
    %store/vec4 v000001924bff2750_0, 0, 1;
    %delay 50, 0;
    %pushi/vec4 1, 0, 1;
    %store/vec4 v000001924bff2750_0, 0, 1;
    %delay 41000, 0;
    %vpi_call 2 78 "$display", "\346\250\241\346\223\254\347\265\220\346\235\237" {0 0 0};
    %vpi_call 2 79 "$finish" {0 0 0};
    %end;
    .thread T_12;
# The file index is used to find the file name in the following table.
:file_names 8;
    "N/A";
    "<interactive>";
    "tbECG.v";
    "./ADC.v";
    "./fir_filter_hp.v";
    "./fir_filter.v";
    "./fir_filter_bs.v";
    "./RR_detector.v";
