Running: /opt/Xilinx/14.7/ISE_DS/ISE/bin/lin64/unwrapped/fuse -intstyle ise -incremental -lib unisims_ver -lib unimacro_ver -lib xilinxcorelib_ver -lib secureip -o /home/ise/Xilinx_VM_lab/lab2_4bits_full_adder/ser_adder_ser_adder_sch_tb_isim_beh.exe -prj /home/ise/Xilinx_VM_lab/lab2_4bits_full_adder/ser_adder_ser_adder_sch_tb_beh.prj work.ser_adder_ser_adder_sch_tb work.glbl 
ISim P.20131013 (signature 0xfbc00daa)
Number of CPUs detected in this system: 1
Turning on mult-threading, number of parallel sub-compilation jobs: 0 
Determining compilation order of HDL files
Analyzing Verilog file "/home/ise/Xilinx_VM_lab/lab2_4bits_full_adder/full_adder_1bits.vf" into library work
Analyzing Verilog file "/home/ise/Xilinx_VM_lab/lab2_4bits_full_adder/ser_adder.vf" into library work
Analyzing Verilog file "/home/ise/Xilinx_VM_lab/lab2_4bits_full_adder/ser_adder_tb.v" into library work
Analyzing Verilog file "/opt/Xilinx/14.7/ISE_DS/ISE//verilog/src/glbl.v" into library work
Starting static elaboration
Completed static elaboration
Fuse Memory Usage: 95200 KB
Fuse CPU Usage: 440 ms
Compiling module XOR3
Compiling module AND2
Compiling module OR3
Compiling module full_adder_1bits_MUSER_ser_adder
Compiling module ser_adder
Compiling module ser_adder_ser_adder_sch_tb
Compiling module glbl
Time Resolution for simulation is 1ps.
Compiled 7 Verilog Units
Built simulation executable /home/ise/Xilinx_VM_lab/lab2_4bits_full_adder/ser_adder_ser_adder_sch_tb_isim_beh.exe
Fuse Memory Usage: 98064 KB
Fuse CPU Usage: 570 ms
GCC CPU Usage: 570 ms
